Archive member included to satisfy reference by file (symbol)

d:/program files/gnu arm embedded toolchain/10 2021.10/bin/../lib/gcc/arm-none-eabi/10.3.1/../../../../arm-none-eabi/lib/thumb/v7e-m+fp/hard\libc_nano.a(lib_a-exit.o)
                              d:/program files/gnu arm embedded toolchain/10 2021.10/bin/../lib/gcc/arm-none-eabi/10.3.1/../../../../arm-none-eabi/lib/thumb/v7e-m+fp/hard/crt0.o (exit)
d:/program files/gnu arm embedded toolchain/10 2021.10/bin/../lib/gcc/arm-none-eabi/10.3.1/../../../../arm-none-eabi/lib/thumb/v7e-m+fp/hard\libc_nano.a(lib_a-impure.o)
                              d:/program files/gnu arm embedded toolchain/10 2021.10/bin/../lib/gcc/arm-none-eabi/10.3.1/../../../../arm-none-eabi/lib/thumb/v7e-m+fp/hard\libc_nano.a(lib_a-exit.o) (_global_impure_ptr)
d:/program files/gnu arm embedded toolchain/10 2021.10/bin/../lib/gcc/arm-none-eabi/10.3.1/../../../../arm-none-eabi/lib/thumb/v7e-m+fp/hard\libc_nano.a(lib_a-init.o)
                              d:/program files/gnu arm embedded toolchain/10 2021.10/bin/../lib/gcc/arm-none-eabi/10.3.1/../../../../arm-none-eabi/lib/thumb/v7e-m+fp/hard/crt0.o (__libc_init_array)
d:/program files/gnu arm embedded toolchain/10 2021.10/bin/../lib/gcc/arm-none-eabi/10.3.1/../../../../arm-none-eabi/lib/thumb/v7e-m+fp/hard\libc_nano.a(lib_a-malloc.o)
                              build/UV_sensor.o (malloc)
d:/program files/gnu arm embedded toolchain/10 2021.10/bin/../lib/gcc/arm-none-eabi/10.3.1/../../../../arm-none-eabi/lib/thumb/v7e-m+fp/hard\libc_nano.a(lib_a-memcmp.o)
                              build/CO2_sensor.o (memcmp)
d:/program files/gnu arm embedded toolchain/10 2021.10/bin/../lib/gcc/arm-none-eabi/10.3.1/../../../../arm-none-eabi/lib/thumb/v7e-m+fp/hard\libc_nano.a(lib_a-memcpy-stub.o)
                              build/queue.o (memcpy)
d:/program files/gnu arm embedded toolchain/10 2021.10/bin/../lib/gcc/arm-none-eabi/10.3.1/../../../../arm-none-eabi/lib/thumb/v7e-m+fp/hard\libc_nano.a(lib_a-memset.o)
                              d:/program files/gnu arm embedded toolchain/10 2021.10/bin/../lib/gcc/arm-none-eabi/10.3.1/../../../../arm-none-eabi/lib/thumb/v7e-m+fp/hard/crt0.o (memset)
d:/program files/gnu arm embedded toolchain/10 2021.10/bin/../lib/gcc/arm-none-eabi/10.3.1/../../../../arm-none-eabi/lib/thumb/v7e-m+fp/hard\libc_nano.a(lib_a-nano-freer.o)
                              d:/program files/gnu arm embedded toolchain/10 2021.10/bin/../lib/gcc/arm-none-eabi/10.3.1/../../../../arm-none-eabi/lib/thumb/v7e-m+fp/hard\libc_nano.a(lib_a-malloc.o) (_free_r)
d:/program files/gnu arm embedded toolchain/10 2021.10/bin/../lib/gcc/arm-none-eabi/10.3.1/../../../../arm-none-eabi/lib/thumb/v7e-m+fp/hard\libc_nano.a(lib_a-nano-mallocr.o)
                              d:/program files/gnu arm embedded toolchain/10 2021.10/bin/../lib/gcc/arm-none-eabi/10.3.1/../../../../arm-none-eabi/lib/thumb/v7e-m+fp/hard\libc_nano.a(lib_a-malloc.o) (_malloc_r)
d:/program files/gnu arm embedded toolchain/10 2021.10/bin/../lib/gcc/arm-none-eabi/10.3.1/../../../../arm-none-eabi/lib/thumb/v7e-m+fp/hard\libc_nano.a(lib_a-sbrkr.o)
                              d:/program files/gnu arm embedded toolchain/10 2021.10/bin/../lib/gcc/arm-none-eabi/10.3.1/../../../../arm-none-eabi/lib/thumb/v7e-m+fp/hard\libc_nano.a(lib_a-nano-mallocr.o) (_sbrk_r)
d:/program files/gnu arm embedded toolchain/10 2021.10/bin/../lib/gcc/arm-none-eabi/10.3.1/../../../../arm-none-eabi/lib/thumb/v7e-m+fp/hard\libc_nano.a(lib_a-mlock.o)
                              d:/program files/gnu arm embedded toolchain/10 2021.10/bin/../lib/gcc/arm-none-eabi/10.3.1/../../../../arm-none-eabi/lib/thumb/v7e-m+fp/hard\libc_nano.a(lib_a-nano-freer.o) (__malloc_lock)
d:/program files/gnu arm embedded toolchain/10 2021.10/bin/../lib/gcc/arm-none-eabi/10.3.1/../../../../arm-none-eabi/lib/thumb/v7e-m+fp/hard\libc_nano.a(lib_a-reent.o)
                              d:/program files/gnu arm embedded toolchain/10 2021.10/bin/../lib/gcc/arm-none-eabi/10.3.1/../../../../arm-none-eabi/lib/thumb/v7e-m+fp/hard\libc_nano.a(lib_a-sbrkr.o) (errno)
d:/program files/gnu arm embedded toolchain/10 2021.10/bin/../lib/gcc/arm-none-eabi/10.3.1/../../../../arm-none-eabi/lib/thumb/v7e-m+fp/hard\libc_nano.a(lib_a-lock.o)
                              d:/program files/gnu arm embedded toolchain/10 2021.10/bin/../lib/gcc/arm-none-eabi/10.3.1/../../../../arm-none-eabi/lib/thumb/v7e-m+fp/hard\libc_nano.a(lib_a-mlock.o) (__retarget_lock_acquire_recursive)
d:/program files/gnu arm embedded toolchain/10 2021.10/bin/../lib/gcc/arm-none-eabi/10.3.1/../../../../arm-none-eabi/lib/thumb/v7e-m+fp/hard\libm.a(lib_a-w_pow.o)
                              build/myfunc.o (pow)
d:/program files/gnu arm embedded toolchain/10 2021.10/bin/../lib/gcc/arm-none-eabi/10.3.1/../../../../arm-none-eabi/lib/thumb/v7e-m+fp/hard\libm.a(lib_a-e_pow.o)
[...]
Memory Configuration

Name             Origin             Length             Attributes
RAM              0x20000000         0x00020000         xrw
CCMRAM           0x10000000         0x00010000         xrw
FLASH            0x08000000         0x00100000         xr
*default*        0x00000000         0xffffffff

Linker script and memory map

LOAD d:/program files/gnu arm embedded toolchain/10 2021.10/bin/../lib/gcc/arm-none-eabi/10.3.1/thumb/v7e-m+fp/hard/crti.o
LOAD d:/program files/gnu arm embedded toolchain/10 2021.10/bin/../lib/gcc/arm-none-eabi/10.3.1/thumb/v7e-m+fp/hard/crtbegin.o
LOAD d:/program files/gnu arm embedded toolchain/10 2021.10/bin/../lib/gcc/arm-none-eabi/10.3.1/../../../../arm-none-eabi/lib/thumb/v7e-m+fp/hard/crt0.o
LOAD build/main.o
LOAD build/gpio.o
LOAD build/stm32f4xx_it.o
LOAD build/stm32f4xx_hal_msp.o
LOAD build/stm32f4xx_hal_timebase_tim.o
LOAD build/stm32f4xx_hal_tim.o
LOAD build/stm32f4xx_hal_tim_ex.o
LOAD build/stm32f4xx_hal_rcc.o
LOAD build/stm32f4xx_hal_rcc_ex.o
LOAD build/stm32f4xx_hal_flash.o
LOAD build/stm32f4xx_hal_flash_ex.o
LOAD build/stm32f4xx_hal_flash_ramfunc.o
LOAD build/stm32f4xx_hal_gpio.o
LOAD build/stm32f4xx_hal_dma_ex.o
LOAD build/stm32f4xx_hal_dma.o
LOAD build/stm32f4xx_hal_pwr.o
LOAD build/stm32f4xx_hal_pwr_ex.o
LOAD build/stm32f4xx_hal_cortex.o
LOAD build/stm32f4xx_hal.o
LOAD build/stm32f4xx_hal_exti.o
LOAD build/system_stm32f4xx.o
LOAD build/dma.o
LOAD build/usart.o
LOAD build/stm32f4xx_hal_uart.o
LOAD build/spi.o
LOAD build/stm32f4xx_hal_spi.o
LOAD build/adc.o
LOAD build/stm32f4xx_hal_adc.o
LOAD build/stm32f4xx_hal_adc_ex.o
LOAD build/stm32f4xx_ll_adc.o
LOAD build/tim.o
LOAD build/freertos.o
LOAD build/croutine.o
LOAD build/event_groups.o
LOAD build/list.o
LOAD build/queue.o
LOAD build/stream_buffer.o
LOAD build/tasks.o
LOAD build/timers.o
LOAD build/cmsis_os2.o
LOAD build/heap_4.o
LOAD build/port.o
LOAD build/CO2_sensor.o
LOAD build/UV_sensor.o
LOAD build/SHT_sensor.o
LOAD build/ESP_01s.o
LOAD build/eeprom.o
LOAD build/lcd.o
LOAD build/touch.o
LOAD build/ui.o
LOAD build/myfunc.o
LOAD build/error_handle.o
LOAD build/crc.o
LOAD build/instance.o
LOAD build/bsp_uart.o
LOAD build/bsp_adc.o
LOAD build/bsp_spi.o
LOAD build/bsp_iic.o
LOAD build/startup_stm32f407xx.o
LOAD d:/program files/gnu arm embedded toolchain/10 2021.10/bin/../lib/gcc/arm-none-eabi/10.3.1/../../../../arm-none-eabi/lib/thumb/v7e-m+fp/hard\libc_nano.a
LOAD d:/program files/gnu arm embedded toolchain/10 2021.10/bin/../lib/gcc/arm-none-eabi/10.3.1/../../../../arm-none-eabi/lib/thumb/v7e-m+fp/hard\libm.a
LOAD d:/program files/gnu arm embedded toolchain/10 2021.10/bin/../lib/gcc/arm-none-eabi/10.3.1/../../../../arm-none-eabi/lib/thumb/v7e-m+fp/hard\libnosys.a
START GROUP
LOAD d:/program files/gnu arm embedded toolchain/10 2021.10/bin/../lib/gcc/arm-none-eabi/10.3.1/thumb/v7e-m+fp/hard\libgcc.a
LOAD d:/program files/gnu arm embedded toolchain/10 2021.10/bin/../lib/gcc/arm-none-eabi/10.3.1/../../../../arm-none-eabi/lib/thumb/v7e-m+fp/hard\libc_nano.a
END GROUP
START GROUP
LOAD d:/program files/gnu arm embedded toolchain/10 2021.10/bin/../lib/gcc/arm-none-eabi/10.3.1/thumb/v7e-m+fp/hard\libgcc.a
LOAD d:/program files/gnu arm embedded toolchain/10 2021.10/bin/../lib/gcc/arm-none-eabi/10.3.1/../../../../arm-none-eabi/lib/thumb/v7e-m+fp/hard\libc_nano.a
END GROUP
LOAD d:/program files/gnu arm embedded toolchain/10 2021.10/bin/../lib/gcc/arm-none-eabi/10.3.1/thumb/v7e-m+fp/hard/crtend.o
LOAD d:/program files/gnu arm embedded toolchain/10 2021.10/bin/../lib/gcc/arm-none-eabi/10.3.1/thumb/v7e-m+fp/hard/crtn.o
                0x20020000                _estack = (ORIGIN (RAM) + LENGTH (RAM))
                0x00000200                _Min_Heap_Size = 0x200
                0x00000400                _Min_Stack_Size = 0x400

.isr_vector     0x08000000      0x188
                0x08000000                . = ALIGN (0x4)
 *(.isr_vector)
 .isr_vector    0x08000000      0x188 build/startup_stm32f407xx.o
                0x08000000                g_pfnVectors
                0x08000188                . = ALIGN (0x4)

.text           0x08000190     0x5e74
                0x08000190                . = ALIGN (0x4)
 *(.text)
 .text          0x08000190       0x40 d:/program files/gnu arm embedded toolchain/10 2021.10/bin/../lib/gcc/arm-none-eabi/10.3.1/thumb/v7e-m+fp/hard/crtbegin.o
 .text          0x080001d0       0x30 d:/program files/gnu arm embedded toolchain/10 2021.10/bin/../lib/gcc/arm-none-eabi/10.3.1/thumb/v7e-m+fp/hard\libgcc.a(_aeabi_uldivmod.o)
                0x080001d0                __aeabi_uldivmod
 .text          0x08000200      0x2d0 d:/program files/gnu arm embedded toolchain/10 2021.10/bin/../lib/gcc/arm-none-eabi/10.3.1/thumb/v7e-m+fp/hard\libgcc.a(_udivmoddi4.o)
                0x08000200                __udivmoddi4
 .text          0x080004d0        0x4 d:/program files/gnu arm embedded toolchain/10 2021.10/bin/../lib/gcc/arm-none-eabi/10.3.1/thumb/v7e-m+fp/hard\libgcc.a(_dvmd_tls.o)
                0x080004d0                __aeabi_idiv0
                0x080004d0                __aeabi_ldiv0
 *(.text*)
 .text.HAL_TIM_PeriodElapsedCallback
                0x080004d4       0x18 build/main.o
                0x080004d4                HAL_TIM_PeriodElapsedCallback
 .text.Error_Handler
                0x080004ec        0x4 build/main.o
                0x080004ec                Error_Handler
 .text.SystemClock_Config
                0x080004f0       0xa8 build/main.o
                0x080004f0                SystemClock_Config
 .text.main     0x08000598       0x3c build/main.o
                0x08000598                main
 .text.MX_GPIO_Init
                0x080005d4       0xe4 build/gpio.o
                0x080005d4                MX_GPIO_Init
 .text.NMI_Handler
                0x080006b8        0x2 build/stm32f4xx_it.o
                0x080006b8                NMI_Handler
 .text.HardFault_Handler
                0x080006ba        0x2 build/stm32f4xx_it.o
                0x080006ba                HardFault_Handler
 .text.MemManage_Handler
                0x080006bc        0x2 build/stm32f4xx_it.o
                0x080006bc                MemManage_Handler
 .text.BusFault_Handler
                0x080006be        0x2 build/stm32f4xx_it.o
                0x080006be                BusFault_Handler
 .text.UsageFault_Handler
                0x080006c0        0x2 build/stm32f4xx_it.o
                0x080006c0                UsageFault_Handler
 .text.DebugMon_Handler
                0x080006c2        0x2 build/stm32f4xx_it.o
                0x080006c2                DebugMon_Handler
 .text.DMA1_Stream5_IRQHandler
                0x080006c4       0x10 build/stm32f4xx_it.o
                0x080006c4                DMA1_Stream5_IRQHandler
 .text.DMA1_Stream6_IRQHandler
                0x080006d4       0x10 build/stm32f4xx_it.o
                0x080006d4                DMA1_Stream6_IRQHandler
 .text.ADC_IRQHandler
                0x080006e4       0x10 build/stm32f4xx_it.o
                0x080006e4                ADC_IRQHandler
 .text.TIM1_UP_TIM10_IRQHandler
                0x080006f4       0x10 build/stm32f4xx_it.o
                0x080006f4                TIM1_UP_TIM10_IRQHandler
 .text.SPI1_IRQHandler
                0x08000704       0x10 build/stm32f4xx_it.o
                0x08000704                SPI1_IRQHandler
 .text.USART1_IRQHandler
                0x08000714       0x18 build/stm32f4xx_it.o
                0x08000714                USART1_IRQHandler
 .text.USART2_IRQHandler
                0x0800072c       0x18 build/stm32f4xx_it.o
                0x0800072c                USART2_IRQHandler
 .text.DMA2_Stream0_IRQHandler
                0x08000744       0x10 build/stm32f4xx_it.o
                0x08000744                DMA2_Stream0_IRQHandler
 .text.DMA2_Stream2_IRQHandler
                0x08000754       0x10 build/stm32f4xx_it.o
                0x08000754                DMA2_Stream2_IRQHandler
 .text.DMA2_Stream3_IRQHandler
                0x08000764       0x10 build/stm32f4xx_it.o
                0x08000764                DMA2_Stream3_IRQHandler
 .text.DMA2_Stream7_IRQHandler
                0x08000774       0x10 build/stm32f4xx_it.o
                0x08000774                DMA2_Stream7_IRQHandler
 .text.HAL_MspInit
                0x08000784       0x44 build/stm32f4xx_hal_msp.o
                0x08000784                HAL_MspInit
 .text.HAL_InitTick
                0x080007c8       0x98 build/stm32f4xx_hal_timebase_tim.o
                0x080007c8                HAL_InitTick
 .text.HAL_TIM_Base_Start_IT
                0x08000860       0x88 build/stm32f4xx_hal_tim.o
                0x08000860                HAL_TIM_Base_Start_IT
 .text.HAL_TIM_OC_DelayElapsedCallback
                0x080008e8        0x2 build/stm32f4xx_hal_tim.o
                0x080008e8                HAL_TIM_OC_DelayElapsedCallback
 .text.HAL_TIM_IC_CaptureCallback
                0x080008ea        0x2 build/stm32f4xx_hal_tim.o
                0x080008ea                HAL_TIM_IC_CaptureCallback
 .text.HAL_TIM_PWM_PulseFinishedCallback
                0x080008ec        0x2 build/stm32f4xx_hal_tim.o
                0x080008ec                HAL_TIM_PWM_PulseFinishedCallback
 .text.HAL_TIM_TriggerCallback
                0x080008ee        0x2 build/stm32f4xx_hal_tim.o
                0x080008ee                HAL_TIM_TriggerCallback
 .text.HAL_TIM_IRQHandler
                0x080008f0      0x17a build/stm32f4xx_hal_tim.o
                0x080008f0                HAL_TIM_IRQHandler
 *fill*         0x08000a6a        0x2 
 .text.TIM_Base_SetConfig
                0x08000a6c       0xc8 build/stm32f4xx_hal_tim.o
                0x08000a6c                TIM_Base_SetConfig
 .text.HAL_TIM_Base_Init
                0x08000b34       0x58 build/stm32f4xx_hal_tim.o
                0x08000b34                HAL_TIM_Base_Init
 .text.HAL_TIMEx_MasterConfigSynchronization
                0x08000b8c       0x8c build/stm32f4xx_hal_tim_ex.o
                0x08000b8c                HAL_TIMEx_MasterConfigSynchronization
 .text.HAL_TIMEx_CommutCallback
                0x08000c18        0x2 build/stm32f4xx_hal_tim_ex.o
                0x08000c18                HAL_TIMEx_CommutCallback
 .text.HAL_TIMEx_BreakCallback
                0x08000c1a        0x2 build/stm32f4xx_hal_tim_ex.o
                0x08000c1a                HAL_TIMEx_BreakCallback
 .text.HAL_RCC_OscConfig
                0x08000c1c      0x3f8 build/stm32f4xx_hal_rcc.o
                0x08000c1c                HAL_RCC_OscConfig
 .text.HAL_RCC_GetSysClockFreq
                0x08001014       0xa4 build/stm32f4xx_hal_rcc.o
                0x08001014                HAL_RCC_GetSysClockFreq
 .text.HAL_RCC_ClockConfig
                0x080010b8      0x160 build/stm32f4xx_hal_rcc.o
                0x080010b8                HAL_RCC_ClockConfig
 .text.HAL_RCC_GetHCLKFreq
                0x08001218        0xc build/stm32f4xx_hal_rcc.o
                0x08001218                HAL_RCC_GetHCLKFreq
 .text.HAL_RCC_GetPCLK1Freq
                0x08001224       0x20 build/stm32f4xx_hal_rcc.o
                0x08001224                HAL_RCC_GetPCLK1Freq
 .text.HAL_RCC_GetPCLK2Freq
                0x08001244       0x20 build/stm32f4xx_hal_rcc.o
                0x08001244                HAL_RCC_GetPCLK2Freq
 .text.HAL_RCC_GetClockConfig
                0x08001264       0x3c build/stm32f4xx_hal_rcc.o
                0x08001264                HAL_RCC_GetClockConfig
 .text.HAL_GPIO_Init
                0x080012a0      0x1e4 build/stm32f4xx_hal_gpio.o
                0x080012a0                HAL_GPIO_Init
 .text.HAL_GPIO_DeInit
                0x08001484      0x134 build/stm32f4xx_hal_gpio.o
                0x08001484                HAL_GPIO_DeInit
 .text.HAL_GPIO_ReadPin
                0x080015b8        0xe build/stm32f4xx_hal_gpio.o
                0x080015b8                HAL_GPIO_ReadPin
 .text.HAL_GPIO_WritePin
                0x080015c6        0xc build/stm32f4xx_hal_gpio.o
                0x080015c6                HAL_GPIO_WritePin
 .text.DMA_SetConfig
                0x080015d2       0x2c build/stm32f4xx_hal_dma.o
 *fill*         0x080015fe        0x2 
 .text.DMA_CalcBaseAndBitshift
                0x08001600       0x44 build/stm32f4xx_hal_dma.o
 .text.DMA_CheckFifoParam
                0x08001644       0x8e build/stm32f4xx_hal_dma.o
 *fill*         0x080016d2        0x2 
 .text.HAL_DMA_Init
                0x080016d4       0xcc build/stm32f4xx_hal_dma.o
                0x080016d4                HAL_DMA_Init
 .text.HAL_DMA_Start_IT
                0x080017a0       0x6a build/stm32f4xx_hal_dma.o
                0x080017a0                HAL_DMA_Start_IT
 .text.HAL_DMA_Abort
                0x0800180a       0x94 build/stm32f4xx_hal_dma.o
                0x0800180a                HAL_DMA_Abort
 .text.HAL_DMA_Abort_IT
                0x0800189e       0x26 build/stm32f4xx_hal_dma.o
                0x0800189e                HAL_DMA_Abort_IT
 .text.HAL_DMA_IRQHandler
                0x080018c4      0x1dc build/stm32f4xx_hal_dma.o
                0x080018c4                HAL_DMA_IRQHandler
 .text.HAL_NVIC_SetPriorityGrouping
                0x08001aa0       0x24 build/stm32f4xx_hal_cortex.o
                0x08001aa0                HAL_NVIC_SetPriorityGrouping
 .text.HAL_NVIC_SetPriority
                0x08001ac4       0x70 build/stm32f4xx_hal_cortex.o
                0x08001ac4                HAL_NVIC_SetPriority
 .text.HAL_NVIC_EnableIRQ
                0x08001b34       0x1c build/stm32f4xx_hal_cortex.o
                0x08001b34                HAL_NVIC_EnableIRQ
 .text.HAL_Init
                0x08001b50       0x34 build/stm32f4xx_hal.o
                0x08001b50                HAL_Init
 .text.HAL_IncTick
                0x08001b84       0x18 build/stm32f4xx_hal.o
                0x08001b84                HAL_IncTick
 .text.HAL_GetTick
                0x08001b9c        0xc build/stm32f4xx_hal.o
                0x08001b9c                HAL_GetTick
 .text.SystemInit
                0x08001ba8       0x14 build/system_stm32f4xx.o
                0x08001ba8                SystemInit
 .text.MX_DMA_Init
                0x08001bbc       0x98 build/dma.o
                0x08001bbc                MX_DMA_Init
 .text.MX_USART1_UART_Init
                0x08001c54       0x38 build/usart.o
                0x08001c54                MX_USART1_UART_Init
 .text.MX_USART2_UART_Init
                0x08001c8c       0x34 build/usart.o
                0x08001c8c                MX_USART2_UART_Init
 .text.HAL_UART_MspInit
                0x08001cc0      0x1d4 build/usart.o
                0x08001cc0                HAL_UART_MspInit
 .text.UART_EndTxTransfer
                0x08001e94       0x20 build/stm32f4xx_hal_uart.o
 .text.UART_EndRxTransfer
                0x08001eb4       0x5c build/stm32f4xx_hal_uart.o
 .text.UART_Transmit_IT
                0x08001f10       0x60 build/stm32f4xx_hal_uart.o
 .text.UART_SetConfig
                0x08001f70      0x110 build/stm32f4xx_hal_uart.o
 .text.HAL_UART_Init
                0x08002080       0x5e build/stm32f4xx_hal_uart.o
                0x08002080                HAL_UART_Init
 .text.HAL_UART_Transmit_IT
                0x080020de       0x4e build/stm32f4xx_hal_uart.o
                0x080020de                HAL_UART_Transmit_IT
 .text.HAL_UART_DMAStop
                0x0800212c       0x84 build/stm32f4xx_hal_uart.o
                0x0800212c                HAL_UART_DMAStop
 .text.UART_EndTransmit_IT
                0x080021b0       0x1a build/stm32f4xx_hal_uart.o
 .text.HAL_UART_RxCpltCallback
                0x080021ca        0x2 build/stm32f4xx_hal_uart.o
                0x080021ca                HAL_UART_RxCpltCallback
 .text.HAL_UART_RxHalfCpltCallback
                0x080021cc        0x2 build/stm32f4xx_hal_uart.o
                0x080021cc                HAL_UART_RxHalfCpltCallback
 .text.HAL_UART_ErrorCallback
                0x080021ce        0x2 build/stm32f4xx_hal_uart.o
                0x080021ce                HAL_UART_ErrorCallback
 .text.UART_DMAError
                0x080021d0       0x58 build/stm32f4xx_hal_uart.o
 .text.UART_DMAAbortOnError
                0x08002228       0x10 build/stm32f4xx_hal_uart.o
 .text.HAL_UARTEx_RxEventCallback
                0x08002238        0x2 build/stm32f4xx_hal_uart.o
                0x08002238                HAL_UARTEx_RxEventCallback
 .text.UART_Receive_IT
                0x0800223a       0xe2 build/stm32f4xx_hal_uart.o
 .text.HAL_UART_IRQHandler
                0x0800231c      0x280 build/stm32f4xx_hal_uart.o
                0x0800231c                HAL_UART_IRQHandler
 .text.UART_DMARxHalfCplt
                0x0800259c       0x1a build/stm32f4xx_hal_uart.o
 .text.UART_DMAReceiveCplt
                0x080025b6       0x96 build/stm32f4xx_hal_uart.o
 .text.UART_Start_Receive_DMA
                0x0800264c       0xa8 build/stm32f4xx_hal_uart.o
                0x0800264c                UART_Start_Receive_DMA
 .text.HAL_UART_Receive_DMA
                0x080026f4       0x38 build/stm32f4xx_hal_uart.o
                0x080026f4                HAL_UART_Receive_DMA
 .text.MX_SPI1_Init
                0x0800272c       0x40 build/spi.o
                0x0800272c                MX_SPI1_Init
 .text.HAL_SPI_MspInit
                0x0800276c       0xf8 build/spi.o
                0x0800276c                HAL_SPI_MspInit
 .text.SPI_WaitFlagStateUntilTimeout
                0x08002864       0xd4 build/stm32f4xx_hal_spi.o
 .text.SPI_EndRxTxTransaction
                0x08002938       0x68 build/stm32f4xx_hal_spi.o
 .text.HAL_SPI_Init
                0x080029a0       0xbe build/stm32f4xx_hal_spi.o
                0x080029a0                HAL_SPI_Init
 *fill*         0x08002a5e        0x2 
 .text.HAL_SPI_Transmit_DMA
                0x08002a60       0xe0 build/stm32f4xx_hal_spi.o
                0x08002a60                HAL_SPI_Transmit_DMA
 .text.HAL_SPI_TxCpltCallback
                0x08002b40        0x2 build/stm32f4xx_hal_spi.o
                0x08002b40                HAL_SPI_TxCpltCallback
 .text.HAL_SPI_TxHalfCpltCallback
                0x08002b42        0x2 build/stm32f4xx_hal_spi.o
                0x08002b42                HAL_SPI_TxHalfCpltCallback
 .text.SPI_DMAHalfTransmitCplt
                0x08002b44        0xa build/stm32f4xx_hal_spi.o
 .text.HAL_SPI_ErrorCallback
                0x08002b4e        0x2 build/stm32f4xx_hal_spi.o
                0x08002b4e                HAL_SPI_ErrorCallback
 .text.SPI_DMAError
                0x08002b50       0x22 build/stm32f4xx_hal_spi.o
 .text.SPI_DMATransmitCplt
                0x08002b72       0x70 build/stm32f4xx_hal_spi.o
 *fill*         0x08002be2        0x2 
 .text.HAL_SPI_IRQHandler
                0x08002be4      0x124 build/stm32f4xx_hal_spi.o
                0x08002be4                HAL_SPI_IRQHandler
 .text.SPI_DMAAbortOnError
                0x08002d08       0x10 build/stm32f4xx_hal_spi.o
 .text.MX_ADC1_Init
                0x08002d18       0x70 build/adc.o
                0x08002d18                MX_ADC1_Init
 .text.HAL_ADC_MspInit
                0x08002d88       0x78 build/adc.o
                0x08002d88                HAL_ADC_MspInit
 .text.ADC_Init
                0x08002e00      0x134 build/stm32f4xx_hal_adc.o
 .text.HAL_ADC_Init
                0x08002f34       0x56 build/stm32f4xx_hal_adc.o
                0x08002f34                HAL_ADC_Init
 .text.HAL_ADC_ConvCpltCallback
                0x08002f8a        0x2 build/stm32f4xx_hal_adc.o
                0x08002f8a                HAL_ADC_ConvCpltCallback
 .text.HAL_ADC_LevelOutOfWindowCallback
                0x08002f8c        0x2 build/stm32f4xx_hal_adc.o
                0x08002f8c                HAL_ADC_LevelOutOfWindowCallback
 .text.HAL_ADC_ErrorCallback
                0x08002f8e        0x2 build/stm32f4xx_hal_adc.o
                0x08002f8e                HAL_ADC_ErrorCallback
 .text.HAL_ADC_IRQHandler
                0x08002f90      0x142 build/stm32f4xx_hal_adc.o
                0x08002f90                HAL_ADC_IRQHandler
 *fill*         0x080030d2        0x2 
 .text.HAL_ADC_ConfigChannel
                0x080030d4      0x198 build/stm32f4xx_hal_adc.o
                0x080030d4                HAL_ADC_ConfigChannel
 .text.HAL_ADCEx_InjectedConvCpltCallback
                0x0800326c        0x2 build/stm32f4xx_hal_adc_ex.o
                0x0800326c                HAL_ADCEx_InjectedConvCpltCallback
 *fill*         0x0800326e        0x2 
 .text.MX_TIM6_Init
                0x08003270       0x50 build/tim.o
                0x08003270                MX_TIM6_Init
 .text.MX_TIM7_Init
                0x080032c0       0x50 build/tim.o
                0x080032c0                MX_TIM7_Init
 .text.HAL_TIM_Base_MspInit
                0x08003310       0x54 build/tim.o
                0x08003310                HAL_TIM_Base_MspInit
 .text.StartDefaultTask
                0x08003364        0xa build/freertos.o
                0x08003364                StartDefaultTask
 .text.StartSht30Task
                0x0800336e       0x1a build/freertos.o
                0x0800336e                StartSht30Task
 .text.MX_FREERTOS_Init
                0x08003388       0x38 build/freertos.o
                0x08003388                MX_FREERTOS_Init
 .text.vListInitialise
                0x080033c0       0x16 build/list.o
                0x080033c0                vListInitialise
 .text.vListInitialiseItem
                0x080033d6        0x6 build/list.o
                0x080033d6                vListInitialiseItem
 .text.vListInsertEnd
                0x080033dc       0x16 build/list.o
                0x080033dc                vListInsertEnd
 .text.vListInsert
                0x080033f2       0x32 build/list.o
                0x080033f2                vListInsert
 .text.uxListRemove
                0x08003424       0x26 build/list.o
                0x08003424                uxListRemove
 .text.prvIsQueueFull
                0x0800344a       0x1e build/queue.o
 .text.prvIsQueueEmpty
                0x08003468       0x1a build/queue.o
 .text.prvCopyDataToQueue
                0x08003482       0x76 build/queue.o
 .text.prvCopyDataFromQueue
                0x080034f8       0x24 build/queue.o
 .text.prvUnlockQueue
                0x0800351c       0x6e build/queue.o
 .text.xQueueGenericReset
                0x0800358a       0x84 build/queue.o
                0x0800358a                xQueueGenericReset
 .text.prvInitialiseNewQueue
                0x0800360e       0x22 build/queue.o
 .text.xQueueGenericCreateStatic
                0x08003630       0x94 build/queue.o
                0x08003630                xQueueGenericCreateStatic
 .text.xQueueGenericSend
                0x080036c4      0x188 build/queue.o
                0x080036c4                xQueueGenericSend
 .text.xQueueGenericSendFromISR
                0x0800384c       0xce build/queue.o
                0x0800384c                xQueueGenericSendFromISR
 .text.xQueueReceive
                0x0800391a      0x15e build/queue.o
                0x0800391a                xQueueReceive
 .text.vQueueAddToRegistry
                0x08003a78       0x28 build/queue.o
                0x08003a78                vQueueAddToRegistry
 .text.vQueueWaitForMessageRestricted
                0x08003aa0       0x52 build/queue.o
                0x08003aa0                vQueueWaitForMessageRestricted
 *fill*         0x08003af2        0x2 
 .text.prvResetNextTaskUnblockTime
                0x08003af4       0x2c build/tasks.o
 .text.prvInitialiseNewTask
                0x08003b20       0xa6 build/tasks.o
 *fill*         0x08003bc6        0x2 
 .text.prvInitialiseTaskLists
                0x08003bc8       0x68 build/tasks.o
 .text.prvAddNewTaskToReadyList
                0x08003c30       0xac build/tasks.o
 .text.prvDeleteTCB
                0x08003cdc       0x38 build/tasks.o
 .text.prvCheckTasksWaitingTermination
                0x08003d14       0x4c build/tasks.o
 .text.prvIdleTask
                0x08003d60       0x28 build/tasks.o
 .text.prvAddCurrentTaskToDelayedList
                0x08003d88       0x7c build/tasks.o
 .text.xTaskCreateStatic
                0x08003e04       0x76 build/tasks.o
                0x08003e04                xTaskCreateStatic
 .text.xTaskCreate
                0x08003e7a       0x68 build/tasks.o
                0x08003e7a                xTaskCreate
 *fill*         0x08003ee2        0x2 
 .text.vTaskStartScheduler
                0x08003ee4       0x9c build/tasks.o
                0x08003ee4                vTaskStartScheduler
 .text.vTaskSuspendAll
                0x08003f80       0x10 build/tasks.o
                0x08003f80                vTaskSuspendAll
 .text.xTaskGetTickCount
                0x08003f90        0xc build/tasks.o
                0x08003f90                xTaskGetTickCount
 .text.xTaskIncrementTick
                0x08003f9c      0x118 build/tasks.o
                0x08003f9c                xTaskIncrementTick
 .text.xTaskResumeAll
                0x080040b4       0xf8 build/tasks.o
                0x080040b4                xTaskResumeAll
 .text.vTaskDelayUntil
                0x080041ac       0xa4 build/tasks.o
                0x080041ac                vTaskDelayUntil
 .text.vTaskDelay
                0x08004250       0x4c build/tasks.o
                0x08004250                vTaskDelay
 .text.vTaskSwitchContext
                0x0800429c       0x94 build/tasks.o
                0x0800429c                vTaskSwitchContext
 .text.vTaskPlaceOnEventList
                0x08004330       0x30 build/tasks.o
                0x08004330                vTaskPlaceOnEventList
 .text.vTaskPlaceOnEventListRestricted
                0x08004360       0x38 build/tasks.o
                0x08004360                vTaskPlaceOnEventListRestricted
 .text.xTaskRemoveFromEventList
                0x08004398       0x8c build/tasks.o
                0x08004398                xTaskRemoveFromEventList
 .text.vTaskInternalSetTimeOutState
                0x08004424       0x18 build/tasks.o
                0x08004424                vTaskInternalSetTimeOutState
 .text.xTaskCheckForTimeOut
                0x0800443c       0x84 build/tasks.o
                0x0800443c                xTaskCheckForTimeOut
 .text.vTaskMissedYield
                0x080044c0        0xc build/tasks.o
                0x080044c0                vTaskMissedYield
 .text.xTaskGetSchedulerState
                0x080044cc       0x20 build/tasks.o
                0x080044cc                xTaskGetSchedulerState
 .text.xTaskPriorityDisinherit
                0x080044ec       0x90 build/tasks.o
                0x080044ec                xTaskPriorityDisinherit
 .text.prvGetNextExpireTime
                0x0800457c       0x20 build/timers.o
 .text.prvInsertTimerInActiveList
                0x0800459c       0x48 build/timers.o
 .text.prvCheckForValidListAndQueue
                0x080045e4       0x70 build/timers.o
 .text.xTimerCreateTimerTask
                0x08004654       0x64 build/timers.o
                0x08004654                xTimerCreateTimerTask
 .text.xTimerGenericCommand
                0x080046b8       0x6c build/timers.o
                0x080046b8                xTimerGenericCommand
 .text.prvSwitchTimerLists
                0x08004724       0x7c build/timers.o
 .text.prvSampleTimeNow
                0x080047a0       0x2c build/timers.o
 .text.prvProcessExpiredTimer
                0x080047cc       0x6c build/timers.o
 .text.prvProcessTimerOrBlockTask
                0x08004838       0x74 build/timers.o
 .text.prvProcessReceivedCommands
                0x080048ac      0x10c build/timers.o
 .text.prvTimerTask
                0x080049b8       0x16 build/timers.o
 .text.SysTick_Handler
                0x080049ce       0x18 build/cmsis_os2.o
                0x080049ce                SysTick_Handler
 *fill*         0x080049e6        0x2 
 .text.osKernelInitialize
                0x080049e8       0x24 build/cmsis_os2.o
                0x080049e8                osKernelInitialize
 .text.osKernelStart
                0x08004a0c       0x38 build/cmsis_os2.o
                0x08004a0c                osKernelStart
 .text.osThreadNew
                0x08004a44       0xbc build/cmsis_os2.o
                0x08004a44                osThreadNew
 .text.osDelay  0x08004b00       0x1c build/cmsis_os2.o
                0x08004b00                osDelay
 .text.vApplicationGetIdleTaskMemory
                0x08004b1c       0x18 build/cmsis_os2.o
                0x08004b1c                vApplicationGetIdleTaskMemory
 .text.vApplicationGetTimerTaskMemory
                0x08004b34       0x18 build/cmsis_os2.o
                0x08004b34                vApplicationGetTimerTaskMemory
 .text.prvHeapInit
                0x08004b4c       0x64 build/heap_4.o
 .text.prvInsertBlockIntoFreeList
                0x08004bb0       0x64 build/heap_4.o
 .text.pvPortMalloc
                0x08004c14       0xfc build/heap_4.o
                0x08004c14                pvPortMalloc
 .text.vPortFree
                0x08004d10       0x7c build/heap_4.o
                0x08004d10                vPortFree
 .text.prvTaskExitError
                0x08004d8c       0x40 build/port.o
 .text.prvPortStartFirstTask
                0x08004dcc       0x28 build/port.o
 .text.vPortEnableVFP
                0x08004df4       0x14 build/port.o
 .text.pxPortInitialiseStack
                0x08004e08       0x2c build/port.o
                0x08004e08                pxPortInitialiseStack
 *fill*         0x08004e34        0xc 
 .text.SVC_Handler
                0x08004e40       0x24 build/port.o
                0x08004e40                SVC_Handler
 .text.vPortEnterCritical
                0x08004e64       0x44 build/port.o
                0x08004e64                vPortEnterCritical
 .text.vPortExitCritical
                0x08004ea8       0x2c build/port.o
                0x08004ea8                vPortExitCritical
 *fill*         0x08004ed4        0xc 
 .text.PendSV_Handler
                0x08004ee0       0x64 build/port.o
                0x08004ee0                PendSV_Handler
 .text.xPortSysTickHandler
                0x08004f44       0x2c build/port.o
                0x08004f44                xPortSysTickHandler
 .text.vPortSetupTimerInterrupt
                0x08004f70       0x28 build/port.o
                0x08004f70                vPortSetupTimerInterrupt
 .text.xPortStartScheduler
                0x08004f98      0x118 build/port.o
                0x08004f98                xPortStartScheduler
 .text.vPortValidateInterruptPriority
                0x080050b0       0x5c build/port.o
                0x080050b0                vPortValidateInterruptPriority
 .text.CO2_sensor_data_handle
                0x0800510c      0x10c build/CO2_sensor.o
                0x0800510c                CO2_sensor_data_handle
 .text.CO2_callback
                0x08005218       0x50 build/CO2_sensor.o
                0x08005218                CO2_callback
 .text.CO2_sensor_Init
                0x08005268       0x24 build/CO2_sensor.o
                0x08005268                CO2_sensor_Init
 .text.UV_arr_Create
                0x0800528c        0xe build/UV_sensor.o
                0x0800528c                UV_arr_Create
 *fill*         0x0800529a        0x2 
 .text.UV_sensor_Init
                0x0800529c       0x18 build/UV_sensor.o
                0x0800529c                UV_sensor_Init
 .text.SHT_sensor_set_periodic
                0x080052b4       0x2c build/SHT_sensor.o
                0x080052b4                SHT_sensor_set_periodic
 .text.SHT_arr_Create
                0x080052e0       0x1a build/SHT_sensor.o
                0x080052e0                SHT_arr_Create
 *fill*         0x080052fa        0x2 
 .text.SHT_sensor_data_handle
                0x080052fc       0x4c build/SHT_sensor.o
                0x080052fc                SHT_sensor_data_handle
 .text.SHT_data_calc
                0x08005348       0xd8 build/SHT_sensor.o
                0x08005348                SHT_data_calc
 .text.SHT_sensor_Init
                0x08005420       0x40 build/SHT_sensor.o
                0x08005420                SHT_sensor_Init
 .text.sht_sensor_task
                0x08005460       0x20 build/SHT_sensor.o
                0x08005460                sht_sensor_task
 .text.ESP_callback
                0x08005480        0x2 build/ESP_01s.o
                0x08005480                ESP_callback
 *fill*         0x08005482        0x2 
 .text.ESP_Init
                0x08005484       0x10 build/ESP_01s.o
                0x08005484                ESP_Init
 .text.send_8bit_data
                0x08005494       0x40 build/lcd.o
                0x08005494                send_8bit_data
 .text.send_comd
                0x080054d4       0x40 build/lcd.o
                0x080054d4                send_comd
 .text.lcd_reset
                0x08005514       0x30 build/lcd.o
                0x08005514                lcd_reset
 .text.Lcd_Init
                0x08005544      0x144 build/lcd.o
                0x08005544                Lcd_Init
 .text.Touch_Init
                0x08005688        0x2 build/touch.o
                0x08005688                Touch_Init
 .text.Str_to_uint
                0x0800568a       0x28 build/myfunc.o
                0x0800568a                Str_to_uint
 *fill*         0x080056b2        0x2 
 .text.delay_us
                0x080056b4       0x40 build/myfunc.o
                0x080056b4                delay_us
 .text.delay_ms
                0x080056f4       0x48 build/myfunc.o
                0x080056f4                delay_ms
 .text.Instance_Init
                0x0800573c       0x28 build/instance.o
                0x0800573c                Instance_Init
 .text.BSP_UART_Init
                0x08005764       0x5c build/bsp_uart.o
                0x08005764                BSP_UART_Init
 .text.BSP_UART_IDLECallback
                0x080057c0       0x98 build/bsp_uart.o
                0x080057c0                BSP_UART_IDLECallback
 .text.BSP_UART_IRQHandler
                0x08005858        0x8 build/bsp_uart.o
                0x08005858                BSP_UART_IRQHandler
 .text.BSP_UART_send
                0x08005860       0x28 build/bsp_uart.o
                0x08005860                BSP_UART_send
 .text.HAL_UART_TxCpltCallback
                0x08005888        0x2 build/bsp_uart.o
                0x08005888                HAL_UART_TxCpltCallback
 *fill*         0x0800588a        0x2 
 .text.BSP_UART_registerfunc
                0x0800588c       0x14 build/bsp_uart.o
                0x0800588c                BSP_UART_registerfunc
 .text.BSP_SPI_Init
                0x080058a0       0x10 build/bsp_spi.o
                0x080058a0                BSP_SPI_Init
 .text.BSP_SPI_Transmit
                0x080058b0       0x14 build/bsp_spi.o
                0x080058b0                BSP_SPI_Transmit
 .text.SDA_Set_Output
                0x080058c4       0x3c build/bsp_iic.o
                0x080058c4                SDA_Set_Output
 .text.SDA_Set_Input
                0x08005900       0x38 build/bsp_iic.o
                0x08005900                SDA_Set_Input
 .text.Master_Start
                0x08005938       0x54 build/bsp_iic.o
                0x08005938                Master_Start
 .text.Master_Stop
                0x0800598c       0x54 build/bsp_iic.o
                0x0800598c                Master_Stop
 .text.Master_N_ACK
                0x080059e0       0x74 build/bsp_iic.o
                0x080059e0                Master_N_ACK
 .text.Master_wait_ACK
                0x08005a54       0x64 build/bsp_iic.o
                0x08005a54                Master_wait_ACK
 .text.Master_Transmit_Byte
                0x08005ab8       0x88 build/bsp_iic.o
                0x08005ab8                Master_Transmit_Byte
 .text.Master_Receive_Byte
                0x08005b40       0x78 build/bsp_iic.o
                0x08005b40                Master_Receive_Byte
 .text.Master_Transmit
                0x08005bb8       0x90 build/bsp_iic.o
                0x08005bb8                Master_Transmit
 .text.Master_Complex
                0x08005c48       0xec build/bsp_iic.o
                0x08005c48                Master_Complex
 .text.BSP_IIC_Init
                0x08005d34        0x2 build/bsp_iic.o
                0x08005d34                BSP_IIC_Init
 *fill*         0x08005d36        0x2 
 .text.BSP_IIC_setpara
                0x08005d38       0x2c build/bsp_iic.o
                0x08005d38                BSP_IIC_setpara
 .text.BSP_IIC_sta
                0x08005d64       0x10 build/bsp_iic.o
                0x08005d64                BSP_IIC_sta
 .text.Reset_Handler
                0x08005d74       0x50 build/startup_stm32f407xx.o
                0x08005d74                Reset_Handler
 .text.Default_Handler
                0x08005dc4        0x2 build/startup_stm32f407xx.o
                0x08005dc4                RTC_Alarm_IRQHandler
                0x08005dc4                HASH_RNG_IRQHandler
                0x08005dc4                EXTI2_IRQHandler
                0x08005dc4                TIM8_CC_IRQHandler
                0x08005dc4                TIM1_CC_IRQHandler
                0x08005dc4                DMA2_Stream5_IRQHandler
                0x08005dc4                PVD_IRQHandler
                0x08005dc4                SDIO_IRQHandler
                0x08005dc4                TAMP_STAMP_IRQHandler
                0x08005dc4                CAN2_RX1_IRQHandler
                0x08005dc4                EXTI3_IRQHandler
                0x08005dc4                TIM8_TRG_COM_TIM14_IRQHandler
                0x08005dc4                TIM8_UP_TIM13_IRQHandler
                0x08005dc4                I2C3_ER_IRQHandler
                0x08005dc4                EXTI0_IRQHandler
                0x08005dc4                I2C2_EV_IRQHandler
                0x08005dc4                DMA1_Stream2_IRQHandler
                0x08005dc4                CAN1_RX0_IRQHandler
                0x08005dc4                FPU_IRQHandler
                0x08005dc4                OTG_HS_WKUP_IRQHandler
                0x08005dc4                CAN2_SCE_IRQHandler
                0x08005dc4                TIM6_DAC_IRQHandler
                0x08005dc4                TIM1_BRK_TIM9_IRQHandler
                0x08005dc4                DCMI_IRQHandler
                0x08005dc4                CAN2_RX0_IRQHandler
                0x08005dc4                USART6_IRQHandler
                0x08005dc4                USART3_IRQHandler
                0x08005dc4                CAN1_RX1_IRQHandler
                0x08005dc4                UART5_IRQHandler
                0x08005dc4                TIM4_IRQHandler
                0x08005dc4                I2C1_EV_IRQHandler
                0x08005dc4                DMA1_Stream1_IRQHandler
                0x08005dc4                UART4_IRQHandler
                0x08005dc4                TIM3_IRQHandler
                0x08005dc4                RCC_IRQHandler
                0x08005dc4                TIM8_BRK_TIM12_IRQHandler
                0x08005dc4                Default_Handler
                0x08005dc4                EXTI15_10_IRQHandler
                0x08005dc4                DMA1_Stream7_IRQHandler
                0x08005dc4                TIM7_IRQHandler
                0x08005dc4                CAN2_TX_IRQHandler
                0x08005dc4                TIM5_IRQHandler
                0x08005dc4                I2C3_EV_IRQHandler
                0x08005dc4                EXTI9_5_IRQHandler
                0x08005dc4                RTC_WKUP_IRQHandler
                0x08005dc4                ETH_WKUP_IRQHandler
                0x08005dc4                SPI2_IRQHandler
                0x08005dc4                OTG_HS_EP1_IN_IRQHandler
                0x08005dc4                DMA1_Stream0_IRQHandler
                0x08005dc4                CAN1_TX_IRQHandler
                0x08005dc4                EXTI4_IRQHandler
                0x08005dc4                FSMC_IRQHandler
                0x08005dc4                ETH_IRQHandler
                0x08005dc4                OTG_HS_EP1_OUT_IRQHandler
                0x08005dc4                WWDG_IRQHandler
                0x08005dc4                TIM2_IRQHandler
                0x08005dc4                OTG_FS_WKUP_IRQHandler
                0x08005dc4                TIM1_TRG_COM_TIM11_IRQHandler
                0x08005dc4                OTG_HS_IRQHandler
                0x08005dc4                EXTI1_IRQHandler
                0x08005dc4                I2C2_ER_IRQHandler
                0x08005dc4                DMA2_Stream1_IRQHandler
                0x08005dc4                CAN1_SCE_IRQHandler
                0x08005dc4                FLASH_IRQHandler
                0x08005dc4                DMA2_Stream4_IRQHandler
                0x08005dc4                OTG_FS_IRQHandler
                0x08005dc4                SPI3_IRQHandler
                0x08005dc4                DMA1_Stream4_IRQHandler
                0x08005dc4                I2C1_ER_IRQHandler
                0x08005dc4                DMA2_Stream6_IRQHandler
                0x08005dc4                DMA1_Stream3_IRQHandler
 *fill*         0x08005dc6        0x2 
 .text.__libc_init_array
                0x08005dc8       0x48 d:/program files/gnu arm embedded toolchain/10 2021.10/bin/../lib/gcc/arm-none-eabi/10.3.1/../../../../arm-none-eabi/lib/thumb/v7e-m+fp/hard\libc_nano.a(lib_a-init.o)
                0x08005dc8                __libc_init_array
 .text.malloc   0x08005e10       0x10 d:/program files/gnu arm embedded toolchain/10 2021.10/bin/../lib/gcc/arm-none-eabi/10.3.1/../../../../arm-none-eabi/lib/thumb/v7e-m+fp/hard\libc_nano.a(lib_a-malloc.o)
                0x08005e10                malloc
 .text.memcmp   0x08005e20       0x20 d:/program files/gnu arm embedded toolchain/10 2021.10/bin/../lib/gcc/arm-none-eabi/10.3.1/../../../../arm-none-eabi/lib/thumb/v7e-m+fp/hard\libc_nano.a(lib_a-memcmp.o)
                0x08005e20                memcmp
 .text.memcpy   0x08005e40       0x1c d:/program files/gnu arm embedded toolchain/10 2021.10/bin/../lib/gcc/arm-none-eabi/10.3.1/../../../../arm-none-eabi/lib/thumb/v7e-m+fp/hard\libc_nano.a(lib_a-memcpy-stub.o)
                0x08005e40                memcpy
 .text.memset   0x08005e5c       0x10 d:/program files/gnu arm embedded toolchain/10 2021.10/bin/../lib/gcc/arm-none-eabi/10.3.1/../../../../arm-none-eabi/lib/thumb/v7e-m+fp/hard\libc_nano.a(lib_a-memset.o)
                0x08005e5c                memset
 .text.sbrk_aligned
                0x08005e6c       0x40 d:/program files/gnu arm embedded toolchain/10 2021.10/bin/../lib/gcc/arm-none-eabi/10.3.1/../../../../arm-none-eabi/lib/thumb/v7e-m+fp/hard\libc_nano.a(lib_a-nano-mallocr.o)
 .text._malloc_r
                0x08005eac       0xe8 d:/program files/gnu arm embedded toolchain/10 2021.10/bin/../lib/gcc/arm-none-eabi/10.3.1/../../../../arm-none-eabi/lib/thumb/v7e-m+fp/hard\libc_nano.a(lib_a-nano-mallocr.o)
                0x08005eac                _malloc_r
 .text._sbrk_r  0x08005f94       0x20 d:/program files/gnu arm embedded toolchain/10 2021.10/bin/../lib/gcc/arm-none-eabi/10.3.1/../../../../arm-none-eabi/lib/thumb/v7e-m+fp/hard\libc_nano.a(lib_a-sbrkr.o)
                0x08005f94                _sbrk_r
 .text.__malloc_lock
                0x08005fb4        0xc d:/program files/gnu arm embedded toolchain/10 2021.10/bin/../lib/gcc/arm-none-eabi/10.3.1/../../../../arm-none-eabi/lib/thumb/v7e-m+fp/hard\libc_nano.a(lib_a-mlock.o)
                0x08005fb4                __malloc_lock
 .text.__malloc_unlock
                0x08005fc0        0xc d:/program files/gnu arm embedded toolchain/10 2021.10/bin/../lib/gcc/arm-none-eabi/10.3.1/../../../../arm-none-eabi/lib/thumb/v7e-m+fp/hard\libc_nano.a(lib_a-mlock.o)
                0x08005fc0                __malloc_unlock
 .text.__retarget_lock_acquire_recursive
                0x08005fcc        0x2 d:/program files/gnu arm embedded toolchain/10 2021.10/bin/../lib/gcc/arm-none-eabi/10.3.1/../../../../arm-none-eabi/lib/thumb/v7e-m+fp/hard\libc_nano.a(lib_a-lock.o)
                0x08005fcc                __retarget_lock_acquire_recursive
 .text.__retarget_lock_release_recursive
                0x08005fce        0x2 d:/program files/gnu arm embedded toolchain/10 2021.10/bin/../lib/gcc/arm-none-eabi/10.3.1/../../../../arm-none-eabi/lib/thumb/v7e-m+fp/hard\libc_nano.a(lib_a-lock.o)
                0x08005fce                __retarget_lock_release_recursive
 .text._sbrk    0x08005fd0       0x1c d:/program files/gnu arm embedded toolchain/10 2021.10/bin/../lib/gcc/arm-none-eabi/10.3.1/../../../../arm-none-eabi/lib/thumb/v7e-m+fp/hard\libnosys.a(sbrk.o)
                0x08005fd0                _sbrk
 *(.glue_7)
 .glue_7        0x08005fec        0x0 linker stubs
 *(.glue_7t)
 .glue_7t       0x08005fec        0x0 linker stubs
 *(.eh_frame)
 .eh_frame      0x08005fec        0x0 d:/program files/gnu arm embedded toolchain/10 2021.10/bin/../lib/gcc/arm-none-eabi/10.3.1/thumb/v7e-m+fp/hard/crtbegin.o
 *(.init)
 .init          0x08005fec        0x4 d:/program files/gnu arm embedded toolchain/10 2021.10/bin/../lib/gcc/arm-none-eabi/10.3.1/thumb/v7e-m+fp/hard/crti.o
                0x08005fec                _init
 .init          0x08005ff0        0x8 d:/program files/gnu arm embedded toolchain/10 2021.10/bin/../lib/gcc/arm-none-eabi/10.3.1/thumb/v7e-m+fp/hard/crtn.o
 *(.fini)
 .fini          0x08005ff8        0x4 d:/program files/gnu arm embedded toolchain/10 2021.10/bin/../lib/gcc/arm-none-eabi/10.3.1/thumb/v7e-m+fp/hard/crti.o
                0x08005ff8                _fini
 .fini          0x08005ffc        0x8 d:/program files/gnu arm embedded toolchain/10 2021.10/bin/../lib/gcc/arm-none-eabi/10.3.1/thumb/v7e-m+fp/hard/crtn.o
                0x08006004                . = ALIGN (0x4)
                0x08006004                _etext = .

.vfp11_veneer   0x08006004        0x0
 .vfp11_veneer  0x08006004        0x0 linker stubs

.v4_bx          0x08006004        0x0
 .v4_bx         0x08006004        0x0 linker stubs

.iplt           0x08006004        0x0
 .iplt          0x08006004        0x0 d:/program files/gnu arm embedded toolchain/10 2021.10/bin/../lib/gcc/arm-none-eabi/10.3.1/thumb/v7e-m+fp/hard/crtbegin.o

.rodata         0x08006004       0xd0
                0x08006004                . = ALIGN (0x4)
 *(.rodata)
 *(.rodata*)
 .rodata.flagBitshiftOffset.0
                0x08006004        0x8 build/stm32f4xx_hal_dma.o
 .rodata.AHBPrescTable
                0x0800600c       0x10 build/system_stm32f4xx.o
                0x0800600c                AHBPrescTable
 .rodata.APBPrescTable
                0x0800601c        0x8 build/system_stm32f4xx.o
                0x0800601c                APBPrescTable
 .rodata.str1.4
                0x08006024       0x18 build/freertos.o
 .rodata.defaultTask_attributes
                0x0800603c       0x24 build/freertos.o
                0x0800603c                defaultTask_attributes
 .rodata.sht30Task_attributes
                0x08006060       0x24 build/freertos.o
                0x08006060                sht30Task_attributes
 .rodata.vTaskStartScheduler.str1.4
                0x08006084        0x5 build/tasks.o
 *fill*         0x08006089        0x3 
 .rodata.prvCheckForValidListAndQueue.str1.4
                0x0800608c        0x5 build/timers.o
 *fill*         0x08006091        0x3 
 .rodata.xTimerCreateTimerTask.str1.4
                0x08006094        0x8 build/timers.o
 .rodata.CO2_callback.str1.4
                0x0800609c        0x3 build/CO2_sensor.o
 *fill*         0x0800609f        0x1 
 .rodata.head   0x080060a0        0x4 build/CO2_sensor.o
                0x080060a0                head
 .rodata.middle
                0x080060a4        0x9 build/CO2_sensor.o
                0x080060a4                middle
 *fill*         0x080060ad        0x3 
 .rodata.tail   0x080060b0        0x3 build/CO2_sensor.o
                0x080060b0                tail
 *fill*         0x080060b3        0x1 
 .rodata.periodic_set
                0x080060b4       0x1e build/SHT_sensor.o
                0x080060b4                periodic_set
                0x080060d4                . = ALIGN (0x4)
 *fill*         0x080060d2        0x2 

.ARM.extab
 *(.ARM.extab* .gnu.linkonce.armextab.*)

.ARM            0x080060d4        0x8
                0x080060d4                __exidx_start = .
 *(.ARM.exidx*)
 .ARM.exidx     0x080060d4        0x8 d:/program files/gnu arm embedded toolchain/10 2021.10/bin/../lib/gcc/arm-none-eabi/10.3.1/thumb/v7e-m+fp/hard\libgcc.a(_udivmoddi4.o)
                0x080060dc                __exidx_end = .

.rel.dyn        0x080060dc        0x0
 .rel.iplt      0x080060dc        0x0 d:/program files/gnu arm embedded toolchain/10 2021.10/bin/../lib/gcc/arm-none-eabi/10.3.1/thumb/v7e-m+fp/hard/crtbegin.o

.preinit_array  0x080060dc        0x0
                0x080060dc                PROVIDE (__preinit_array_start = .)
 *(.preinit_array*)
                0x080060dc                PROVIDE (__preinit_array_end = .)

.init_array     0x080060dc        0x4
                0x080060dc                PROVIDE (__init_array_start = .)
 *(SORT_BY_NAME(.init_array.*))
 *(.init_array*)
 .init_array    0x080060dc        0x4 d:/program files/gnu arm embedded toolchain/10 2021.10/bin/../lib/gcc/arm-none-eabi/10.3.1/thumb/v7e-m+fp/hard/crtbegin.o
                0x080060e0                PROVIDE (__init_array_end = .)

.fini_array     0x080060e0        0x4
                [!provide]                PROVIDE (__fini_array_start = .)
 *(SORT_BY_NAME(.fini_array.*))
 *(.fini_array*)
 .fini_array    0x080060e0        0x4 d:/program files/gnu arm embedded toolchain/10 2021.10/bin/../lib/gcc/arm-none-eabi/10.3.1/thumb/v7e-m+fp/hard/crtbegin.o
                [!provide]                PROVIDE (__fini_array_end = .)
                0x080060e4                _sidata = LOADADDR (.data)

.data           0x20000000       0x74 load address 0x080060e4
                0x20000000                . = ALIGN (0x4)
                0x20000000                _sdata = .
 *(.data)
 *(.data*)
 .data.uwTickFreq
                0x20000000        0x1 build/stm32f4xx_hal.o
                0x20000000                uwTickFreq
 *fill*         0x20000001        0x3 
 .data.uwTickPrio
                0x20000004        0x4 build/stm32f4xx_hal.o
                0x20000004                uwTickPrio
 .data.SystemCoreClock
                0x20000008        0x4 build/system_stm32f4xx.o
                0x20000008                SystemCoreClock
 .data.uxCriticalNesting
                0x2000000c        0x4 build/port.o
 .data._impure_ptr
                0x20000010        0x4 d:/program files/gnu arm embedded toolchain/10 2021.10/bin/../lib/gcc/arm-none-eabi/10.3.1/../../../../arm-none-eabi/lib/thumb/v7e-m+fp/hard\libc_nano.a(lib_a-impure.o)
                0x20000010                _impure_ptr
 .data.impure_data
                0x20000014       0x60 d:/program files/gnu arm embedded toolchain/10 2021.10/bin/../lib/gcc/arm-none-eabi/10.3.1/../../../../arm-none-eabi/lib/thumb/v7e-m+fp/hard\libc_nano.a(lib_a-impure.o)
                0x20000074                . = ALIGN (0x4)
                0x20000074                _edata = .
                0x08006158                _siccmram = LOADADDR (.ccmram)

.igot.plt       0x20000074        0x0 load address 0x08006158
 .igot.plt      0x20000074        0x0 d:/program files/gnu arm embedded toolchain/10 2021.10/bin/../lib/gcc/arm-none-eabi/10.3.1/thumb/v7e-m+fp/hard/crtbegin.o

.ccmram         0x10000000        0x0 load address 0x08006158
                0x10000000                . = ALIGN (0x4)
                0x10000000                _sccmram = .
 *(.ccmram)
 *(.ccmram*)
                0x10000000                . = ALIGN (0x4)
                0x10000000                _eccmram = .
                0x10000000                . = ALIGN (0x4)

.bss            0x20000074     0x536c
                0x20000074                _sbss = .
                0x20000074                __bss_start__ = _sbss
 *(.bss)
 .bss           0x20000074       0x1c d:/program files/gnu arm embedded toolchain/10 2021.10/bin/../lib/gcc/arm-none-eabi/10.3.1/thumb/v7e-m+fp/hard/crtbegin.o
 *(.bss*)
 .bss.htim10    0x20000090       0x48 build/stm32f4xx_hal_timebase_tim.o
                0x20000090                htim10
 .bss.uwTick    0x200000d8        0x4 build/stm32f4xx_hal.o
                0x200000d8                uwTick
 .bss.hdma_usart1_rx
                0x200000dc       0x60 build/usart.o
                0x200000dc                hdma_usart1_rx
 .bss.hdma_usart1_tx
                0x2000013c       0x60 build/usart.o
                0x2000013c                hdma_usart1_tx
 .bss.hdma_usart2_rx
                0x2000019c       0x60 build/usart.o
                0x2000019c                hdma_usart2_rx
 .bss.hdma_usart2_tx
                0x200001fc       0x60 build/usart.o
                0x200001fc                hdma_usart2_tx
 .bss.huart1    0x2000025c       0x44 build/usart.o
                0x2000025c                huart1
 .bss.huart2    0x200002a0       0x44 build/usart.o
                0x200002a0                huart2
 .bss.hdma_spi1_rx
                0x200002e4       0x60 build/spi.o
                0x200002e4                hdma_spi1_rx
 .bss.hdma_spi1_tx
                0x20000344       0x60 build/spi.o
                0x20000344                hdma_spi1_tx
 .bss.hspi1     0x200003a4       0x58 build/spi.o
                0x200003a4                hspi1
 .bss.hadc1     0x200003fc       0x48 build/adc.o
                0x200003fc                hadc1
 .bss.htim6     0x20000444       0x48 build/tim.o
                0x20000444                htim6
 .bss.htim7     0x2000048c       0x48 build/tim.o
                0x2000048c                htim7
 .bss.defaultTaskHandle
                0x200004d4        0x4 build/freertos.o
                0x200004d4                defaultTaskHandle
 .bss.sht30TaskHandle
                0x200004d8        0x4 build/freertos.o
                0x200004d8                sht30TaskHandle
 .bss.xQueueRegistry
                0x200004dc       0x40 build/queue.o
                0x200004dc                xQueueRegistry
 .bss.pxCurrentTCB
                0x2000051c        0x4 build/tasks.o
                0x2000051c                pxCurrentTCB
 .bss.pxDelayedTaskList
                0x20000520        0x4 build/tasks.o
 .bss.pxOverflowDelayedTaskList
                0x20000524        0x4 build/tasks.o
 .bss.pxReadyTasksLists
                0x20000528      0x460 build/tasks.o
 .bss.uxCurrentNumberOfTasks
                0x20000988        0x4 build/tasks.o
 .bss.uxDeletedTasksWaitingCleanUp
                0x2000098c        0x4 build/tasks.o
 .bss.uxSchedulerSuspended
                0x20000990        0x4 build/tasks.o
 .bss.uxTaskNumber
                0x20000994        0x4 build/tasks.o
 .bss.uxTopReadyPriority
                0x20000998        0x4 build/tasks.o
 .bss.xDelayedTaskList1
                0x2000099c       0x14 build/tasks.o
 .bss.xDelayedTaskList2
                0x200009b0       0x14 build/tasks.o
 .bss.xIdleTaskHandle
                0x200009c4        0x4 build/tasks.o
 .bss.xNextTaskUnblockTime
                0x200009c8        0x4 build/tasks.o
 .bss.xNumOfOverflows
                0x200009cc        0x4 build/tasks.o
 .bss.xPendedTicks
                0x200009d0        0x4 build/tasks.o
 .bss.xPendingReadyList
                0x200009d4       0x14 build/tasks.o
 .bss.xSchedulerRunning
                0x200009e8        0x4 build/tasks.o
 .bss.xSuspendedTaskList
                0x200009ec       0x14 build/tasks.o
 .bss.xTasksWaitingTermination
                0x20000a00       0x14 build/tasks.o
 .bss.xTickCount
                0x20000a14        0x4 build/tasks.o
 .bss.xYieldPending
                0x20000a18        0x4 build/tasks.o
 .bss.pxCurrentTimerList
                0x20000a1c        0x4 build/timers.o
 .bss.pxOverflowTimerList
                0x20000a20        0x4 build/timers.o
 .bss.ucStaticTimerQueueStorage.1
                0x20000a24       0xa0 build/timers.o
 .bss.xActiveTimerList1
                0x20000ac4       0x14 build/timers.o
 .bss.xActiveTimerList2
                0x20000ad8       0x14 build/timers.o
 .bss.xLastTime.2
                0x20000aec        0x4 build/timers.o
 .bss.xStaticTimerQueue.0
                0x20000af0       0x50 build/timers.o
 .bss.xTimerQueue
                0x20000b40        0x4 build/timers.o
 .bss.xTimerTaskHandle
                0x20000b44        0x4 build/timers.o
 .bss.Idle_Stack.2
                0x20000b48      0x200 build/cmsis_os2.o
 .bss.Idle_TCB.3
                0x20000d48       0x5c build/cmsis_os2.o
 .bss.KernelState
                0x20000da4        0x4 build/cmsis_os2.o
 .bss.Timer_Stack.0
                0x20000da8      0x400 build/cmsis_os2.o
 .bss.Timer_TCB.1
                0x200011a8       0x5c build/cmsis_os2.o
 .bss.pxEnd     0x20001204        0x4 build/heap_4.o
 .bss.ucHeap    0x20001208     0x3c00 build/heap_4.o
 .bss.xBlockAllocatedBit
                0x20004e08        0x4 build/heap_4.o
 .bss.xFreeBytesRemaining
                0x20004e0c        0x4 build/heap_4.o
 .bss.xMinimumEverFreeBytesRemaining
                0x20004e10        0x4 build/heap_4.o
 .bss.xNumberOfSuccessfulAllocations
                0x20004e14        0x4 build/heap_4.o
 .bss.xNumberOfSuccessfulFrees
                0x20004e18        0x4 build/heap_4.o
 .bss.xStart    0x20004e1c        0x8 build/heap_4.o
 .bss.ucMaxSysCallPriority
                0x20004e24        0x1 build/port.o
 *fill*         0x20004e25        0x3 
 .bss.ulMaxPRIGROUPValue
                0x20004e28        0x4 build/port.o
 .bss.command   0x20004e2c       0x14 build/CO2_sensor.o
                0x20004e2c                command
 .bss.my_CO2_data
                0x20004e40        0x6 build/CO2_sensor.o
                0x20004e40                my_CO2_data
 *fill*         0x20004e46        0x2 
 .bss.my_UV_data
                0x20004e48        0x7 build/UV_sensor.o
                0x20004e48                my_UV_data
 *fill*         0x20004e4f        0x1 
 .bss.SHT_rxbuffer
                0x20004e50        0xa build/SHT_sensor.o
                0x20004e50                SHT_rxbuffer
 *fill*         0x20004e5a        0x2 
 .bss.SHT_txbuffer
                0x20004e5c        0xa build/SHT_sensor.o
                0x20004e5c                SHT_txbuffer
 *fill*         0x20004e66        0x2 
 .bss.my_SHT_data
                0x20004e68       0x12 build/SHT_sensor.o
                0x20004e68                my_SHT_data
 *fill*         0x20004e7a        0x2 
 .bss.database  0x20004e7c       0x10 build/instance.o
                0x20004e7c                database
 .bss.uart_port
                0x20004e8c      0x510 build/bsp_uart.o
                0x20004e8c                uart_port
 .bss.SPI_Port  0x2000539c        0x4 build/bsp_spi.o
                0x2000539c                SPI_Port
 .bss.GPIO_Pin_CL
                0x200053a0        0x2 build/bsp_iic.o
                0x200053a0                GPIO_Pin_CL
 .bss.GPIO_Pin_DA
                0x200053a2        0x2 build/bsp_iic.o
                0x200053a2                GPIO_Pin_DA
 .bss.GPIOx_CL  0x200053a4        0x4 build/bsp_iic.o
                0x200053a4                GPIOx_CL
 .bss.GPIOx_DA  0x200053a8        0x4 build/bsp_iic.o
                0x200053a8                GPIOx_DA
 .bss.IIC_port  0x200053ac       0x20 build/bsp_iic.o
                0x200053ac                IIC_port
 .bss.__malloc_free_list
                0x200053cc        0x4 d:/program files/gnu arm embedded toolchain/10 2021.10/bin/../lib/gcc/arm-none-eabi/10.3.1/../../../../arm-none-eabi/lib/thumb/v7e-m+fp/hard\libc_nano.a(lib_a-nano-mallocr.o)
                0x200053cc                __malloc_free_list
 .bss.__malloc_sbrk_start
                0x200053d0        0x4 d:/program files/gnu arm embedded toolchain/10 2021.10/bin/../lib/gcc/arm-none-eabi/10.3.1/../../../../arm-none-eabi/lib/thumb/v7e-m+fp/hard\libc_nano.a(lib_a-nano-mallocr.o)
                0x200053d0                __malloc_sbrk_start
 .bss.errno     0x200053d4        0x4 d:/program files/gnu arm embedded toolchain/10 2021.10/bin/../lib/gcc/arm-none-eabi/10.3.1/../../../../arm-none-eabi/lib/thumb/v7e-m+fp/hard\libc_nano.a(lib_a-reent.o)
                0x200053d4                errno
 .bss.__lock___malloc_recursive_mutex
                0x200053d8        0x1 d:/program files/gnu arm embedded toolchain/10 2021.10/bin/../lib/gcc/arm-none-eabi/10.3.1/../../../../arm-none-eabi/lib/thumb/v7e-m+fp/hard\libc_nano.a(lib_a-lock.o)
                0x200053d8                __lock___malloc_recursive_mutex
 *fill*         0x200053d9        0x3 
 .bss.heap_end.0
                0x200053dc        0x4 d:/program files/gnu arm embedded toolchain/10 2021.10/bin/../lib/gcc/arm-none-eabi/10.3.1/../../../../arm-none-eabi/lib/thumb/v7e-m+fp/hard\libnosys.a(sbrk.o)
 *(COMMON)
                0x200053e0                . = ALIGN (0x4)
                0x200053e0                _ebss = .
                0x200053e0                __bss_end__ = _ebss

._user_heap_stack
                0x200053e0      0x600
                0x200053e0                . = ALIGN (0x8)
                0x200053e0                PROVIDE (end = .)
                [!provide]                PROVIDE (_end = .)
                0x200055e0                . = (. + _Min_Heap_Size)
 *fill*         0x200053e0      0x200 
                0x200059e0                . = (. + _Min_Stack_Size)
 *fill*         0x200055e0      0x400 
                0x200059e0                . = ALIGN (0x8)

/DISCARD/
 libc.a(*)
 libm.a(*)
 libgcc.a(*)

.ARM.attributes
                0x00000000       0x30
 *(.ARM.attributes)
 .ARM.attributes
                0x00000000       0x1e d:/program files/gnu arm embedded toolchain/10 2021.10/bin/../lib/gcc/arm-none-eabi/10.3.1/thumb/v7e-m+fp/hard/crti.o
 .ARM.attributes
                0x0000001e       0x34 d:/program files/gnu arm embedded toolchain/10 2021.10/bin/../lib/gcc/arm-none-eabi/10.3.1/thumb/v7e-m+fp/hard/crtbegin.o
 .ARM.attributes
                0x00000052       0x34 build/main.o
 .ARM.attributes
                0x00000086       0x34 build/gpio.o
 .ARM.attributes
                0x000000ba       0x34 build/stm32f4xx_it.o
 .ARM.attributes
                0x000000ee       0x34 build/stm32f4xx_hal_msp.o
 .ARM.attributes
                0x00000122       0x34 build/stm32f4xx_hal_timebase_tim.o
 .ARM.attributes
                0x00000156       0x34 build/stm32f4xx_hal_tim.o
 .ARM.attributes
                0x0000018a       0x34 build/stm32f4xx_hal_tim_ex.o
 .ARM.attributes
                0x000001be       0x34 build/stm32f4xx_hal_rcc.o
 .ARM.attributes
                0x000001f2       0x34 build/stm32f4xx_hal_gpio.o
 .ARM.attributes
                0x00000226       0x34 build/stm32f4xx_hal_dma.o
 .ARM.attributes
                0x0000025a       0x34 build/stm32f4xx_hal_cortex.o
 .ARM.attributes
                0x0000028e       0x34 build/stm32f4xx_hal.o
 .ARM.attributes
                0x000002c2       0x34 build/system_stm32f4xx.o
 .ARM.attributes
                0x000002f6       0x34 build/dma.o
 .ARM.attributes
                0x0000032a       0x34 build/usart.o
 .ARM.attributes
                0x0000035e       0x34 build/stm32f4xx_hal_uart.o
 .ARM.attributes
                0x00000392       0x34 build/spi.o
 .ARM.attributes
                0x000003c6       0x34 build/stm32f4xx_hal_spi.o
 .ARM.attributes
                0x000003fa       0x34 build/adc.o
 .ARM.attributes
                0x0000042e       0x34 build/stm32f4xx_hal_adc.o
 .ARM.attributes
                0x00000462       0x34 build/stm32f4xx_hal_adc_ex.o
 .ARM.attributes
                0x00000496       0x34 build/tim.o
 .ARM.attributes
                0x000004ca       0x34 build/freertos.o
 .ARM.attributes
                0x000004fe       0x34 build/list.o
 .ARM.attributes
                0x00000532       0x34 build/queue.o
 .ARM.attributes
                0x00000566       0x34 build/tasks.o
 .ARM.attributes
                0x0000059a       0x34 build/timers.o
 .ARM.attributes
                0x000005ce       0x34 build/cmsis_os2.o
 .ARM.attributes
                0x00000602       0x34 build/heap_4.o
 .ARM.attributes
                0x00000636       0x34 build/port.o
 .ARM.attributes
                0x0000066a       0x34 build/CO2_sensor.o
 .ARM.attributes
                0x0000069e       0x34 build/UV_sensor.o
 .ARM.attributes
                0x000006d2       0x34 build/SHT_sensor.o
 .ARM.attributes
                0x00000706       0x34 build/ESP_01s.o
 .ARM.attributes
                0x0000073a       0x34 build/lcd.o
 .ARM.attributes
                0x0000076e       0x34 build/touch.o
 .ARM.attributes
                0x000007a2       0x34 build/myfunc.o
 .ARM.attributes
                0x000007d6       0x34 build/instance.o
 .ARM.attributes
                0x0000080a       0x34 build/bsp_uart.o
 .ARM.attributes
                0x0000083e       0x34 build/bsp_spi.o
 .ARM.attributes
                0x00000872       0x34 build/bsp_iic.o
 .ARM.attributes
                0x000008a6       0x21 build/startup_stm32f407xx.o
 .ARM.attributes
                0x000008c7       0x34 d:/program files/gnu arm embedded toolchain/10 2021.10/bin/../lib/gcc/arm-none-eabi/10.3.1/../../../../arm-none-eabi/lib/thumb/v7e-m+fp/hard\libc_nano.a(lib_a-impure.o)
 .ARM.attributes
                0x000008fb       0x34 d:/program files/gnu arm embedded toolchain/10 2021.10/bin/../lib/gcc/arm-none-eabi/10.3.1/../../../../arm-none-eabi/lib/thumb/v7e-m+fp/hard\libc_nano.a(lib_a-init.o)
 .ARM.attributes
                0x0000092f       0x34 d:/program files/gnu arm embedded toolchain/10 2021.10/bin/../lib/gcc/arm-none-eabi/10.3.1/../../../../arm-none-eabi/lib/thumb/v7e-m+fp/hard\libc_nano.a(lib_a-malloc.o)
 .ARM.attributes
                0x00000963       0x34 d:/program files/gnu arm embedded toolchain/10 2021.10/bin/../lib/gcc/arm-none-eabi/10.3.1/../../../../arm-none-eabi/lib/thumb/v7e-m+fp/hard\libc_nano.a(lib_a-memcmp.o)
 .ARM.attributes
                0x00000997       0x34 d:/program files/gnu arm embedded toolchain/10 2021.10/bin/../lib/gcc/arm-none-eabi/10.3.1/../../../../arm-none-eabi/lib/thumb/v7e-m+fp/hard\libc_nano.a(lib_a-memcpy-stub.o)
 .ARM.attributes
                0x000009cb       0x34 d:/program files/gnu arm embedded toolchain/10 2021.10/bin/../lib/gcc/arm-none-eabi/10.3.1/../../../../arm-none-eabi/lib/thumb/v7e-m+fp/hard\libc_nano.a(lib_a-memset.o)
 .ARM.attributes
                0x000009ff       0x34 d:/program files/gnu arm embedded toolchain/10 2021.10/bin/../lib/gcc/arm-none-eabi/10.3.1/../../../../arm-none-eabi/lib/thumb/v7e-m+fp/hard\libc_nano.a(lib_a-nano-mallocr.o)
 .ARM.attributes
                0x00000a33       0x34 d:/program files/gnu arm embedded toolchain/10 2021.10/bin/../lib/gcc/arm-none-eabi/10.3.1/../../../../arm-none-eabi/lib/thumb/v7e-m+fp/hard\libc_nano.a(lib_a-sbrkr.o)
 .ARM.attributes
                0x00000a67       0x34 d:/program files/gnu arm embedded toolchain/10 2021.10/bin/../lib/gcc/arm-none-eabi/10.3.1/../../../../arm-none-eabi/lib/thumb/v7e-m+fp/hard\libc_nano.a(lib_a-mlock.o)
 .ARM.attributes
                0x00000a9b       0x34 d:/program files/gnu arm embedded toolchain/10 2021.10/bin/../lib/gcc/arm-none-eabi/10.3.1/../../../../arm-none-eabi/lib/thumb/v7e-m+fp/hard\libc_nano.a(lib_a-reent.o)
 .ARM.attributes
                0x00000acf       0x34 d:/program files/gnu arm embedded toolchain/10 2021.10/bin/../lib/gcc/arm-none-eabi/10.3.1/../../../../arm-none-eabi/lib/thumb/v7e-m+fp/hard\libc_nano.a(lib_a-lock.o)
 .ARM.attributes
                0x00000b03       0x34 d:/program files/gnu arm embedded toolchain/10 2021.10/bin/../lib/gcc/arm-none-eabi/10.3.1/../../../../arm-none-eabi/lib/thumb/v7e-m+fp/hard\libnosys.a(sbrk.o)
 .ARM.attributes
                0x00000b37       0x1e d:/program files/gnu arm embedded toolchain/10 2021.10/bin/../lib/gcc/arm-none-eabi/10.3.1/thumb/v7e-m+fp/hard\libgcc.a(_aeabi_uldivmod.o)
 .ARM.attributes
                0x00000b55       0x34 d:/program files/gnu arm embedded toolchain/10 2021.10/bin/../lib/gcc/arm-none-eabi/10.3.1/thumb/v7e-m+fp/hard\libgcc.a(_udivmoddi4.o)
 .ARM.attributes
                0x00000b89       0x1e d:/program files/gnu arm embedded toolchain/10 2021.10/bin/../lib/gcc/arm-none-eabi/10.3.1/thumb/v7e-m+fp/hard\libgcc.a(_dvmd_tls.o)
 .ARM.attributes
                0x00000ba7       0x1e d:/program files/gnu arm embedded toolchain/10 2021.10/bin/../lib/gcc/arm-none-eabi/10.3.1/thumb/v7e-m+fp/hard/crtn.o
OUTPUT(build/meow_project.elf elf32-littlearm)
LOAD linker stubs
LOAD d:/program files/gnu arm embedded toolchain/10 2021.10/bin/../lib/gcc/arm-none-eabi/10.3.1/../../../../arm-none-eabi/lib/thumb/v7e-m+fp/hard\libc.a
LOAD d:/program files/gnu arm embedded toolchain/10 2021.10/bin/../lib/gcc/arm-none-eabi/10.3.1/../../../../arm-none-eabi/lib/thumb/v7e-m+fp/hard\libm.a
LOAD d:/program files/gnu arm embedded toolchain/10 2021.10/bin/../lib/gcc/arm-none-eabi/10.3.1/thumb/v7e-m+fp/hard\libgcc.a

.debug_info     0x00000000    0x2cfff
 .debug_info    0x00000000      0xe35 build/main.o
 .debug_info    0x00000e35      0x54d build/gpio.o
 .debug_info    0x00001382     0x1254 build/stm32f4xx_it.o
 .debug_info    0x000025d6      0x541 build/stm32f4xx_hal_msp.o
 .debug_info    0x00002b17      0xd70 build/stm32f4xx_hal_timebase_tim.o
 .debug_info    0x00003887     0x4061 build/stm32f4xx_hal_tim.o
 .debug_info    0x000078e8     0x1c6a build/stm32f4xx_hal_tim_ex.o
 .debug_info    0x00009552      0xbe6 build/stm32f4xx_hal_rcc.o
 .debug_info    0x0000a138      0x848 build/stm32f4xx_hal_gpio.o
 .debug_info    0x0000a980      0xbd1 build/stm32f4xx_hal_dma.o
 .debug_info    0x0000b551     0x1174 build/stm32f4xx_hal_cortex.o
 .debug_info    0x0000c6c5      0xacf build/stm32f4xx_hal.o
 .debug_info    0x0000d194      0x5b3 build/system_stm32f4xx.o
 .debug_info    0x0000d747      0x660 build/dma.o
 .debug_info    0x0000dda7      0xf7d build/usart.o
 .debug_info    0x0000ed24     0x43e7 build/stm32f4xx_hal_uart.o
 .debug_info    0x0001310b      0xe4a build/spi.o
 .debug_info    0x00013f55     0x2015 build/stm32f4xx_hal_spi.o
 .debug_info    0x00015f6a      0xe0b build/adc.o
 .debug_info    0x00016d75     0x100a build/stm32f4xx_hal_adc.o
 .debug_info    0x00017d7f      0xdad build/stm32f4xx_hal_adc_ex.o
 .debug_info    0x00018b2c      0xb17 build/tim.o
 .debug_info    0x00019643      0x46b build/freertos.o
 .debug_info    0x00019aae      0x30f build/list.o
 .debug_info    0x00019dbd     0x2968 build/queue.o
 .debug_info    0x0001c725     0x333f build/tasks.o
 .debug_info    0x0001fa64     0x1bd3 build/timers.o
 .debug_info    0x00021637     0x4e1b build/cmsis_os2.o
 .debug_info    0x00026452      0x61a build/heap_4.o
 .debug_info    0x00026a6c      0x5c8 build/port.o
 .debug_info    0x00027034      0xc62 build/CO2_sensor.o
 .debug_info    0x00027c96      0x54b build/UV_sensor.o
 .debug_info    0x000281e1      0x90b build/SHT_sensor.o
 .debug_info    0x00028aec      0x693 build/ESP_01s.o
 .debug_info    0x0002917f      0xc9a build/lcd.o
 .debug_info    0x00029e19       0x40 build/touch.o
 .debug_info    0x00029e59      0x8dc build/myfunc.o
 .debug_info    0x0002a735      0xacb build/instance.o
 .debug_info    0x0002b200      0x9c1 build/bsp_uart.o
 .debug_info    0x0002bbc1      0x745 build/bsp_spi.o
 .debug_info    0x0002c306      0xcd7 build/bsp_iic.o
 .debug_info    0x0002cfdd       0x22 build/startup_stm32f407xx.o

.debug_abbrev   0x00000000     0x5b29
 .debug_abbrev  0x00000000      0x243 build/main.o
 .debug_abbrev  0x00000243      0x151 build/gpio.o
 .debug_abbrev  0x00000394      0x1e8 build/stm32f4xx_it.o
 .debug_abbrev  0x0000057c      0x11c build/stm32f4xx_hal_msp.o
 .debug_abbrev  0x00000698      0x202 build/stm32f4xx_hal_timebase_tim.o
 .debug_abbrev  0x0000089a      0x282 build/stm32f4xx_hal_tim.o
 .debug_abbrev  0x00000b1c      0x298 build/stm32f4xx_hal_tim_ex.o
 .debug_abbrev  0x00000db4      0x2aa build/stm32f4xx_hal_rcc.o
 .debug_abbrev  0x0000105e      0x22b build/stm32f4xx_hal_gpio.o
 .debug_abbrev  0x00001289      0x2ff build/stm32f4xx_hal_dma.o
 .debug_abbrev  0x00001588      0x382 build/stm32f4xx_hal_cortex.o
 .debug_abbrev  0x0000190a      0x209 build/stm32f4xx_hal.o
 .debug_abbrev  0x00001b13      0x11b build/system_stm32f4xx.o
 .debug_abbrev  0x00001c2e      0x129 build/dma.o
 .debug_abbrev  0x00001d57      0x1fa build/usart.o
 .debug_abbrev  0x00001f51      0x356 build/stm32f4xx_hal_uart.o
 .debug_abbrev  0x000022a7      0x1f3 build/spi.o
 .debug_abbrev  0x0000249a      0x2a6 build/stm32f4xx_hal_spi.o
 .debug_abbrev  0x00002740      0x1e0 build/adc.o
 .debug_abbrev  0x00002920      0x292 build/stm32f4xx_hal_adc.o
 .debug_abbrev  0x00002bb2      0x2b5 build/stm32f4xx_hal_adc_ex.o
 .debug_abbrev  0x00002e67      0x1f0 build/tim.o
 .debug_abbrev  0x00003057      0x14b build/freertos.o
 .debug_abbrev  0x000031a2      0x124 build/list.o
 .debug_abbrev  0x000032c6      0x3c4 build/queue.o
 .debug_abbrev  0x0000368a      0x387 build/tasks.o
 .debug_abbrev  0x00003a11      0x366 build/timers.o
 .debug_abbrev  0x00003d77      0x559 build/cmsis_os2.o
 .debug_abbrev  0x000042d0      0x269 build/heap_4.o
 .debug_abbrev  0x00004539      0x28a build/port.o
 .debug_abbrev  0x000047c3      0x22a build/CO2_sensor.o
 .debug_abbrev  0x000049ed      0x19f build/UV_sensor.o
 .debug_abbrev  0x00004b8c      0x1fa build/SHT_sensor.o
 .debug_abbrev  0x00004d86      0x17b build/ESP_01s.o
 .debug_abbrev  0x00004f01      0x1fc build/lcd.o
 .debug_abbrev  0x000050fd       0x30 build/touch.o
 .debug_abbrev  0x0000512d      0x212 build/myfunc.o
 .debug_abbrev  0x0000533f      0x134 build/instance.o
 .debug_abbrev  0x00005473      0x248 build/bsp_uart.o
 .debug_abbrev  0x000056bb      0x1c1 build/bsp_spi.o
 .debug_abbrev  0x0000587c      0x29b build/bsp_iic.o
 .debug_abbrev  0x00005b17       0x12 build/startup_stm32f407xx.o

.debug_loc      0x00000000    0x21b4e
 .debug_loc     0x00000000       0xc8 build/main.o
 .debug_loc     0x000000c8       0x39 build/gpio.o
 .debug_loc     0x00000101      0x160 build/stm32f4xx_it.o
 .debug_loc     0x00000261       0x38 build/stm32f4xx_hal_msp.o
 .debug_loc     0x00000299       0xe8 build/stm32f4xx_hal_timebase_tim.o
 .debug_loc     0x00000381     0x5ba0 build/stm32f4xx_hal_tim.o
 .debug_loc     0x00005f21     0x2137 build/stm32f4xx_hal_tim_ex.o
 .debug_loc     0x00008058      0x6e4 build/stm32f4xx_hal_rcc.o
 .debug_loc     0x0000873c      0x5e8 build/stm32f4xx_hal_gpio.o
 .debug_loc     0x00008d24      0xd6d build/stm32f4xx_hal_dma.o
 .debug_loc     0x00009a91      0x7a4 build/stm32f4xx_hal_cortex.o
 .debug_loc     0x0000a235      0x1e1 build/stm32f4xx_hal.o
 .debug_loc     0x0000a416      0x158 build/system_stm32f4xx.o
 .debug_loc     0x0000a56e       0x38 build/dma.o
 .debug_loc     0x0000a5a6      0x150 build/usart.o
 .debug_loc     0x0000a6f6     0x4fef build/stm32f4xx_hal_uart.o
 .debug_loc     0x0000f6e5       0xf5 build/spi.o
 .debug_loc     0x0000f7da     0x2501 build/stm32f4xx_hal_spi.o
 .debug_loc     0x00011cdb      0x12c build/adc.o
 .debug_loc     0x00011e07      0xe2d build/stm32f4xx_hal_adc.o
 .debug_loc     0x00012c34      0xc8a build/stm32f4xx_hal_adc_ex.o
 .debug_loc     0x000138be       0xc0 build/tim.o
 .debug_loc     0x0001397e       0xb6 build/freertos.o
 .debug_loc     0x00013a34       0xe5 build/list.o
 .debug_loc     0x00013b19     0x1fe4 build/queue.o
 .debug_loc     0x00015afd     0x2c72 build/tasks.o
 .debug_loc     0x0001876f     0x1586 build/timers.o
 .debug_loc     0x00019cf5     0x5dbc build/cmsis_os2.o
 .debug_loc     0x0001fab1      0x4e4 build/heap_4.o
 .debug_loc     0x0001ff95      0x1c0 build/port.o
 .debug_loc     0x00020155      0x452 build/CO2_sensor.o
 .debug_loc     0x000205a7      0x2d9 build/UV_sensor.o
 .debug_loc     0x00020880      0x229 build/SHT_sensor.o
 .debug_loc     0x00020aa9       0x20 build/ESP_01s.o
 .debug_loc     0x00020ac9      0x54c build/lcd.o
 .debug_loc     0x00021015      0x1a8 build/myfunc.o
 .debug_loc     0x000211bd       0x20 build/instance.o
 .debug_loc     0x000211dd      0x1d3 build/bsp_uart.o
 .debug_loc     0x000213b0       0x8f build/bsp_spi.o
 .debug_loc     0x0002143f      0x70f build/bsp_iic.o

.debug_aranges  0x00000000     0x1b10
 .debug_aranges
                0x00000000       0x38 build/main.o
 .debug_aranges
                0x00000038       0x20 build/gpio.o
 .debug_aranges
                0x00000058       0xa0 build/stm32f4xx_it.o
 .debug_aranges
                0x000000f8       0x20 build/stm32f4xx_hal_msp.o
 .debug_aranges
                0x00000118       0x30 build/stm32f4xx_hal_timebase_tim.o
 .debug_aranges
                0x00000148      0x3d0 build/stm32f4xx_hal_tim.o
 .debug_aranges
                0x00000518      0x168 build/stm32f4xx_hal_tim_ex.o
 .debug_aranges
                0x00000680       0x88 build/stm32f4xx_hal_rcc.o
 .debug_aranges
                0x00000708       0x58 build/stm32f4xx_hal_gpio.o
 .debug_aranges
                0x00000760       0x90 build/stm32f4xx_hal_dma.o
 .debug_aranges
                0x000007f0       0xa8 build/stm32f4xx_hal_cortex.o
 .debug_aranges
                0x00000898       0xf0 build/stm32f4xx_hal.o
 .debug_aranges
                0x00000988       0x28 build/system_stm32f4xx.o
 .debug_aranges
                0x000009b0       0x20 build/dma.o
 .debug_aranges
                0x000009d0       0x38 build/usart.o
 .debug_aranges
                0x00000a08      0x200 build/stm32f4xx_hal_uart.o
 .debug_aranges
                0x00000c08       0x30 build/spi.o
 .debug_aranges
                0x00000c38      0x1d0 build/stm32f4xx_hal_spi.o
 .debug_aranges
                0x00000e08       0x30 build/adc.o
 .debug_aranges
                0x00000e38       0xe8 build/stm32f4xx_hal_adc.o
 .debug_aranges
                0x00000f20       0x90 build/stm32f4xx_hal_adc_ex.o
 .debug_aranges
                0x00000fb0       0x38 build/tim.o
 .debug_aranges
                0x00000fe8       0x30 build/freertos.o
 .debug_aranges
                0x00001018       0x40 build/list.o
 .debug_aranges
                0x00001058      0x158 build/queue.o
 .debug_aranges
                0x000011b0      0x208 build/tasks.o
 .debug_aranges
                0x000013b8       0xf0 build/timers.o
 .debug_aranges
                0x000014a8      0x2a0 build/cmsis_os2.o
 .debug_aranges
                0x00001748       0x58 build/heap_4.o
 .debug_aranges
                0x000017a0       0x80 build/port.o
 .debug_aranges
                0x00001820       0x38 build/CO2_sensor.o
 .debug_aranges
                0x00001858       0x38 build/UV_sensor.o
 .debug_aranges
                0x00001890       0x50 build/SHT_sensor.o
 .debug_aranges
                0x000018e0       0x28 build/ESP_01s.o
 .debug_aranges
                0x00001908       0x68 build/lcd.o
 .debug_aranges
                0x00001970       0x20 build/touch.o
 .debug_aranges
                0x00001990       0x38 build/myfunc.o
 .debug_aranges
                0x000019c8       0x20 build/instance.o
 .debug_aranges
                0x000019e8       0x50 build/bsp_uart.o
 .debug_aranges
                0x00001a38       0x28 build/bsp_spi.o
 .debug_aranges
                0x00001a60       0x88 build/bsp_iic.o
 .debug_aranges
                0x00001ae8       0x28 build/startup_stm32f407xx.o

.debug_ranges   0x00000000     0x1bc8
 .debug_ranges  0x00000000       0x28 build/main.o
 .debug_ranges  0x00000028       0x10 build/gpio.o
 .debug_ranges  0x00000038       0x90 build/stm32f4xx_it.o
 .debug_ranges  0x000000c8       0x10 build/stm32f4xx_hal_msp.o
 .debug_ranges  0x000000d8       0x20 build/stm32f4xx_hal_timebase_tim.o
 .debug_ranges  0x000000f8      0x3c0 build/stm32f4xx_hal_tim.o
 .debug_ranges  0x000004b8      0x158 build/stm32f4xx_hal_tim_ex.o
 .debug_ranges  0x00000610       0x90 build/stm32f4xx_hal_rcc.o
 .debug_ranges  0x000006a0       0x48 build/stm32f4xx_hal_gpio.o
 .debug_ranges  0x000006e8       0x80 build/stm32f4xx_hal_dma.o
 .debug_ranges  0x00000768       0xf8 build/stm32f4xx_hal_cortex.o
 .debug_ranges  0x00000860       0xe0 build/stm32f4xx_hal.o
 .debug_ranges  0x00000940       0x18 build/system_stm32f4xx.o
 .debug_ranges  0x00000958       0x10 build/dma.o
 .debug_ranges  0x00000968       0x28 build/usart.o
 .debug_ranges  0x00000990      0x208 build/stm32f4xx_hal_uart.o
 .debug_ranges  0x00000b98       0x20 build/spi.o
 .debug_ranges  0x00000bb8      0x1c0 build/stm32f4xx_hal_spi.o
 .debug_ranges  0x00000d78       0x20 build/adc.o
 .debug_ranges  0x00000d98       0xd8 build/stm32f4xx_hal_adc.o
 .debug_ranges  0x00000e70       0x80 build/stm32f4xx_hal_adc_ex.o
 .debug_ranges  0x00000ef0       0x28 build/tim.o
 .debug_ranges  0x00000f18       0x20 build/freertos.o
 .debug_ranges  0x00000f38       0x30 build/list.o
 .debug_ranges  0x00000f68      0x218 build/queue.o
 .debug_ranges  0x00001180      0x338 build/tasks.o
 .debug_ranges  0x000014b8       0xe0 build/timers.o
 .debug_ranges  0x00001598      0x2a8 build/cmsis_os2.o
 .debug_ranges  0x00001840       0x48 build/heap_4.o
 .debug_ranges  0x00001888       0x88 build/port.o
 .debug_ranges  0x00001910       0x78 build/CO2_sensor.o
 .debug_ranges  0x00001988       0x28 build/UV_sensor.o
 .debug_ranges  0x000019b0       0x40 build/SHT_sensor.o
 .debug_ranges  0x000019f0       0x18 build/ESP_01s.o
 .debug_ranges  0x00001a08       0x88 build/lcd.o
 .debug_ranges  0x00001a90       0x10 build/touch.o
 .debug_ranges  0x00001aa0       0x28 build/myfunc.o
 .debug_ranges  0x00001ac8       0x10 build/instance.o
 .debug_ranges  0x00001ad8       0x40 build/bsp_uart.o
 .debug_ranges  0x00001b18       0x18 build/bsp_spi.o
 .debug_ranges  0x00001b30       0x78 build/bsp_iic.o
 .debug_ranges  0x00001ba8       0x20 build/startup_stm32f407xx.o

.debug_line     0x00000000    0x2002d
 .debug_line    0x00000000      0x3f9 build/main.o
 .debug_line    0x000003f9      0x228 build/gpio.o
 .debug_line    0x00000621      0x400 build/stm32f4xx_it.o
 .debug_line    0x00000a21      0x19e build/stm32f4xx_hal_msp.o
 .debug_line    0x00000bbf      0x2d4 build/stm32f4xx_hal_timebase_tim.o
 .debug_line    0x00000e93     0x4aaa build/stm32f4xx_hal_tim.o
 .debug_line    0x0000593d     0x1cce build/stm32f4xx_hal_tim_ex.o
 .debug_line    0x0000760b      0xb17 build/stm32f4xx_hal_rcc.o
 .debug_line    0x00008122      0x6e9 build/stm32f4xx_hal_gpio.o
 .debug_line    0x0000880b      0xe2d build/stm32f4xx_hal_dma.o
 .debug_line    0x00009638      0x780 build/stm32f4xx_hal_cortex.o
 .debug_line    0x00009db8      0x56d build/stm32f4xx_hal.o
 .debug_line    0x0000a325      0x258 build/system_stm32f4xx.o
 .debug_line    0x0000a57d      0x19b build/dma.o
 .debug_line    0x0000a718      0x541 build/usart.o
 .debug_line    0x0000ac59     0x45f6 build/stm32f4xx_hal_uart.o
 .debug_line    0x0000f24f      0x3cf build/spi.o
 .debug_line    0x0000f61e     0x24f1 build/stm32f4xx_hal_spi.o
 .debug_line    0x00011b0f      0x335 build/adc.o
 .debug_line    0x00011e44     0x10b9 build/stm32f4xx_hal_adc.o
 .debug_line    0x00012efd      0xc6c build/stm32f4xx_hal_adc_ex.o
 .debug_line    0x00013b69      0x333 build/tim.o
 .debug_line    0x00013e9c      0x27c build/freertos.o
 .debug_line    0x00014118      0x361 build/list.o
 .debug_line    0x00014479     0x2056 build/queue.o
 .debug_line    0x000164cf     0x2daa build/tasks.o
 .debug_line    0x00019279      0xf2c build/timers.o
 .debug_line    0x0001a1a5     0x29ff build/cmsis_os2.o
 .debug_line    0x0001cba4      0x73e build/heap_4.o
 .debug_line    0x0001d2e2      0x712 build/port.o
 .debug_line    0x0001d9f4      0x567 build/CO2_sensor.o
 .debug_line    0x0001df5b      0x36a build/UV_sensor.o
 .debug_line    0x0001e2c5      0x45c build/SHT_sensor.o
 .debug_line    0x0001e721      0x1e0 build/ESP_01s.o
 .debug_line    0x0001e901      0x42b build/lcd.o
 .debug_line    0x0001ed2c       0x46 build/touch.o
 .debug_line    0x0001ed72      0x3d2 build/myfunc.o
 .debug_line    0x0001f144      0x224 build/instance.o
 .debug_line    0x0001f368      0x36c build/bsp_uart.o
 .debug_line    0x0001f6d4      0x1f6 build/bsp_spi.o
 .debug_line    0x0001f8ca      0x6ed build/bsp_iic.o
 .debug_line    0x0001ffb7       0x76 build/startup_stm32f407xx.o

.debug_str      0x00000000     0x87ad
 .debug_str     0x00000000      0x9a2 build/main.o
                                0xa88 (size before relaxing)
 .debug_str     0x000009a2       0xbf build/gpio.o
                                0x340 (size before relaxing)
 .debug_str     0x00000a61      0x6cb build/stm32f4xx_it.o
                                0xde3 (size before relaxing)
 .debug_str     0x0000112c      0x52c build/stm32f4xx_hal_msp.o
                                0x792 (size before relaxing)
 .debug_str     0x00001658      0x113 build/stm32f4xx_hal_timebase_tim.o
                                0xe27 (size before relaxing)
 .debug_str     0x0000176b      0xec2 build/stm32f4xx_hal_tim.o
                               0x168d (size before relaxing)
 .debug_str     0x0000262d      0x591 build/stm32f4xx_hal_tim_ex.o
                                0xe8e (size before relaxing)
 .debug_str     0x00002bbe      0x1d7 build/stm32f4xx_hal_rcc.o
                                0x6da (size before relaxing)
 .debug_str     0x00002d95      0x135 build/stm32f4xx_hal_gpio.o
                                0x4b4 (size before relaxing)
 .debug_str     0x00002eca      0x2c3 build/stm32f4xx_hal_dma.o
                                0x74a (size before relaxing)
 .debug_str     0x0000318d      0x4e2 build/stm32f4xx_hal_cortex.o
                                0xc00 (size before relaxing)
 .debug_str     0x0000366f      0x273 build/stm32f4xx_hal.o
                                0xb2e (size before relaxing)
 .debug_str     0x000038e2       0x47 build/system_stm32f4xx.o
                                0x349 (size before relaxing)
 .debug_str     0x00003929        0xf build/dma.o
                                0x797 (size before relaxing)
 .debug_str     0x00003938       0x4e build/usart.o
                                0xd6d (size before relaxing)
 .debug_str     0x00003986      0x5ec build/stm32f4xx_hal_uart.o
                                0xd2d (size before relaxing)
 .debug_str     0x00003f72       0x48 build/spi.o
                                0xd29 (size before relaxing)
 .debug_str     0x00003fba      0x508 build/stm32f4xx_hal_spi.o
                                0xbce (size before relaxing)
 .debug_str     0x000044c2       0x75 build/adc.o
                                0xcd9 (size before relaxing)
 .debug_str     0x00004537      0x295 build/stm32f4xx_hal_adc.o
                                0x936 (size before relaxing)
 .debug_str     0x000047cc      0x2dc build/stm32f4xx_hal_adc_ex.o
                                0x98a (size before relaxing)
 .debug_str     0x00004aa8       0x2a build/tim.o
                                0x8ad (size before relaxing)
 .debug_str     0x00004ad2      0x54c build/freertos.o
                                0x6d4 (size before relaxing)
 .debug_str     0x0000501e      0x142 build/list.o
                                0x2d6 (size before relaxing)
 .debug_str     0x00005160      0xa2a build/queue.o
                                0xcec (size before relaxing)
 .debug_str     0x00005b8a      0xc73 build/tasks.o
                               0x12bb (size before relaxing)
 .debug_str     0x000067fd      0x5d8 build/timers.o
                                0xc1c (size before relaxing)
 .debug_str     0x00006dd5      0xc22 build/cmsis_os2.o
                               0x2128 (size before relaxing)
 .debug_str     0x000079f7      0x2bf build/heap_4.o
                                0x4e4 (size before relaxing)
 .debug_str     0x00007cb6      0x17d build/port.o
                                0x456 (size before relaxing)
 .debug_str     0x00007e33      0x2a8 build/CO2_sensor.o
                                0x89c (size before relaxing)
 .debug_str     0x000080db       0x8d build/UV_sensor.o
                                0x428 (size before relaxing)
 .debug_str     0x00008168      0x203 build/SHT_sensor.o
                                0x5f3 (size before relaxing)
 .debug_str     0x0000836b       0x2f build/ESP_01s.o
                                0x601 (size before relaxing)
 .debug_str     0x0000839a      0x128 build/lcd.o
                                0x321 (size before relaxing)
 .debug_str     0x000084c2       0x21 build/touch.o
                                 0xe0 (size before relaxing)
 .debug_str     0x000084e3       0x3d build/myfunc.o
                                0x72c (size before relaxing)
 .debug_str     0x00008520       0x3e build/instance.o
                                0x429 (size before relaxing)
 .debug_str     0x0000855e       0x8d build/bsp_uart.o
                                0x720 (size before relaxing)
 .debug_str     0x000085eb       0x37 build/bsp_spi.o
                                0x637 (size before relaxing)
 .debug_str     0x00008622      0x167 build/bsp_iic.o
                                0x460 (size before relaxing)
 .debug_str     0x00008789       0x24 build/startup_stm32f407xx.o
                                 0x3e (size before relaxing)

.comment        0x00000000       0x49
 .comment       0x00000000       0x49 build/main.o
                                 0x4a (size before relaxing)
 .comment       0x00000049       0x4a build/gpio.o
 .comment       0x00000049       0x4a build/stm32f4xx_it.o
 .comment       0x00000049       0x4a build/stm32f4xx_hal_msp.o
 .comment       0x00000049       0x4a build/stm32f4xx_hal_timebase_tim.o
 .comment       0x00000049       0x4a build/stm32f4xx_hal_tim.o
 .comment       0x00000049       0x4a build/stm32f4xx_hal_tim_ex.o
 .comment       0x00000049       0x4a build/stm32f4xx_hal_rcc.o
 .comment       0x00000049       0x4a build/stm32f4xx_hal_gpio.o
 .comment       0x00000049       0x4a build/stm32f4xx_hal_dma.o
 .comment       0x00000049       0x4a build/stm32f4xx_hal_cortex.o
 .comment       0x00000049       0x4a build/stm32f4xx_hal.o
 .comment       0x00000049       0x4a build/system_stm32f4xx.o
 .comment       0x00000049       0x4a build/dma.o
 .comment       0x00000049       0x4a build/usart.o
 .comment       0x00000049       0x4a build/stm32f4xx_hal_uart.o
 .comment       0x00000049       0x4a build/spi.o
 .comment       0x00000049       0x4a build/stm32f4xx_hal_spi.o
 .comment       0x00000049       0x4a build/adc.o
 .comment       0x00000049       0x4a build/stm32f4xx_hal_adc.o
 .comment       0x00000049       0x4a build/stm32f4xx_hal_adc_ex.o
 .comment       0x00000049       0x4a build/tim.o
 .comment       0x00000049       0x4a build/freertos.o
 .comment       0x00000049       0x4a build/list.o
 .comment       0x00000049       0x4a build/queue.o
 .comment       0x00000049       0x4a build/tasks.o
 .comment       0x00000049       0x4a build/timers.o
 .comment       0x00000049       0x4a build/cmsis_os2.o
 .comment       0x00000049       0x4a build/heap_4.o
 .comment       0x00000049       0x4a build/port.o
 .comment       0x00000049       0x4a build/CO2_sensor.o
 .comment       0x00000049       0x4a build/UV_sensor.o
 .comment       0x00000049       0x4a build/SHT_sensor.o
 .comment       0x00000049       0x4a build/ESP_01s.o
 .comment       0x00000049       0x4a build/lcd.o
 .comment       0x00000049       0x4a build/touch.o
 .comment       0x00000049       0x4a build/myfunc.o
 .comment       0x00000049       0x4a build/instance.o
 .comment       0x00000049       0x4a build/bsp_uart.o
 .comment       0x00000049       0x4a build/bsp_spi.o
 .comment       0x00000049       0x4a build/bsp_iic.o

.debug_frame    0x00000000     0x4d3c
 .debug_frame   0x00000000       0x70 build/main.o
 .debug_frame   0x00000070       0x38 build/gpio.o
 .debug_frame   0x000000a8      0x178 build/stm32f4xx_it.o
 .debug_frame   0x00000220       0x2c build/stm32f4xx_hal_msp.o
 .debug_frame   0x0000024c       0x54 build/stm32f4xx_hal_timebase_tim.o
 .debug_frame   0x000002a0      0xb0c build/stm32f4xx_hal_tim.o
 .debug_frame   0x00000dac      0x40c build/stm32f4xx_hal_tim_ex.o
 .debug_frame   0x000011b8      0x16c build/stm32f4xx_hal_rcc.o
 .debug_frame   0x00001324       0xd8 build/stm32f4xx_hal_gpio.o
 .debug_frame   0x000013fc      0x188 build/stm32f4xx_hal_dma.o
 .debug_frame   0x00001584      0x148 build/stm32f4xx_hal_cortex.o
 .debug_frame   0x000016cc      0x1ec build/stm32f4xx_hal.o
 .debug_frame   0x000018b8       0x30 build/system_stm32f4xx.o
 .debug_frame   0x000018e8       0x30 build/dma.o
 .debug_frame   0x00001918       0x7c build/usart.o
 .debug_frame   0x00001994      0x5cc build/stm32f4xx_hal_uart.o
 .debug_frame   0x00001f60       0x64 build/spi.o
 .debug_frame   0x00001fc4      0x5a4 build/stm32f4xx_hal_spi.o
 .debug_frame   0x00002568       0x68 build/adc.o
 .debug_frame   0x000025d0      0x268 build/stm32f4xx_hal_adc.o
 .debug_frame   0x00002838      0x18c build/stm32f4xx_hal_adc_ex.o
 .debug_frame   0x000029c4       0x7c build/tim.o
 .debug_frame   0x00002a40       0x58 build/freertos.o
 .debug_frame   0x00002a98       0x70 build/list.o
 .debug_frame   0x00002b08      0x458 build/queue.o
 .debug_frame   0x00002f60      0x688 build/tasks.o
 .debug_frame   0x000035e8      0x30c build/timers.o
 .debug_frame   0x000038f4      0x900 build/cmsis_os2.o
 .debug_frame   0x000041f4       0xd0 build/heap_4.o
 .debug_frame   0x000042c4      0x110 build/port.o
 .debug_frame   0x000043d4       0x78 build/CO2_sensor.o
 .debug_frame   0x0000444c       0x78 build/UV_sensor.o
 .debug_frame   0x000044c4       0xc8 build/SHT_sensor.o
 .debug_frame   0x0000458c       0x38 build/ESP_01s.o
 .debug_frame   0x000045c4      0x138 build/lcd.o
 .debug_frame   0x000046fc       0x20 build/touch.o
 .debug_frame   0x0000471c       0x60 build/myfunc.o
 .debug_frame   0x0000477c       0x28 build/instance.o
 .debug_frame   0x000047a4       0xb8 build/bsp_uart.o
 .debug_frame   0x0000485c       0x38 build/bsp_spi.o
 .debug_frame   0x00004894      0x1a8 build/bsp_iic.o
 .debug_frame   0x00004a3c       0x2c d:/program files/gnu arm embedded toolchain/10 2021.10/bin/../lib/gcc/arm-none-eabi/10.3.1/../../../../arm-none-eabi/lib/thumb/v7e-m+fp/hard\libc_nano.a(lib_a-init.o)